15SEP2026|786|0813|786 Invest Ltd|21.99|21.99|20|21.06|53790|21.52|||
15SEP2026|AABS|0826|Al-Abbas Sugar|810.0|810|781|795.12|52|812.88|||
15SEP2026|AATM|0830|Ali Asghar Textile|55.6|55.6|51.15|52.24|2472|52.32|||
15SEP2026|ABL|0807|Allied Bank Ltd|162.45|173|162.45|172.17|34982|169.06|||
15SEP2026|ABOT|0823|Abbott Lab.|916.95|918|909|910|10220|908.32|||
15SEP2026|ACIETF|0837|Alfalah Consumer|16.12|16.43|16.12|16.43|5000|16.12|||
15SEP2026|ACPL|0804|Attock Cement|229.96|232|228.01|230.02|208567|229.96|||
15SEP2026|ACPL-CSEP|40|Attock Cement|0.0|0|0|231.02|0|231.06|||
15SEP2026|ADAMS|0826|Adam Sugar|63.35|67|63.35|66.98|3052|63.08|||
15SEP2026|ADMM|0829|Artistic Denim|52.0|56.51|52|56.51|122087|51.37|||
15SEP2026|AGHA|0808|Agha Steel Ind.|6.37|6.44|6.3|6.37|775133|6.32|||
15SEP2026|AGHA-OCT|40|Agha Steel Ind.|0.0|0|0|6.49|0|6.45|||
15SEP2026|AGHA-SEP|40|Agha Steel Ind.|6.4|6.45|6.37|6.38|167000|6.32|||
15SEP2026|AGIC|0812|Ask.Gen.Insurance|39.79|39.79|38.05|38.19|1230|38.71|||
15SEP2026|AGIL|0802|Agriautos Ind.|152.5|152.5|148.04|149.73|6291|150.72|||
15SEP2026|AGL|0809|Agritech Limited|45.2|49.18|45|49.18|1082867|44.71|||
15SEP2026|AGP|0823|AGP Limited|153.04|154.89|150.01|151.27|135552|153.57|||
15SEP2026|AGP-CNOV|40|AGP Limited|0.0|0|0|156.08|0|158.52|||
15SEP2026|AGP-COCT|40|AGP Limited|0.0|0|0|154.24|0|156.65|||
15SEP2026|AGP-CSEP|40|AGP Limited|0.0|0|0|151.93|0|154.31|||
15SEP2026|AGP-NOV|40|AGP Limited|0.0|0|0|156.08|0|158.52|||
15SEP2026|AGP-OCTB|40|AGP Limited|0.0|0|0|154.24|0|156.65|||
15SEP2026|AGP-SEPB|40|AGP Limited|155.44|155.44|151.2|151.21|2000|154.31|||
15SEP2026|AGSML|0826|Abdullah Shah|8.85|8.85|8.71|8.73|31676|8.75|||
15SEP2026|AGTL|0801|AL-Ghazi Tractors|343.06|346.97|341|342.61|24212|341.04|||
15SEP2026|AHCL|0809|Arif Habib Corp|14.85|15.39|14.85|15.22|613560|14.96|||
15SEP2026|AHL|0813|Arif Habib Ltd.|131.8|131.8|130.3|131.54|88828|130.5|||
15SEP2026|AHTM|0829|Ahmed Hassan|95.14|95.14|86.5|89.5|1724|95.14|||
15SEP2026|AICL|0812|Adamjee Ins.XD|92.0|93.49|90.26|90.99|513081|91.81|||
15SEP2026|AICL-NOV|40|Adamjee Ins.XD|0.0|0|0|93.88|0|94.77|||
15SEP2026|AICL-OCTB|40|Adamjee Ins.XD|92.0|92|92|92|5000|93|||
15SEP2026|AICL-SEPB|40|Adamjee Ins.XD|93.0|93|90.96|90.99|68000|91.34|||
15SEP2026|AIRLINK|0828|Air Link Commun|124.0|125|123|123.41|463892|123.11|||
15SEP2026|AIRLINK-CNOV|40|Air Link Commun|0.0|0|0|127.33|0|127.08|||
15SEP2026|AIRLINK-COCT|40|Air Link Commun|0.0|0|0|125.83|0|125.58|||
15SEP2026|AIRLINK-CSEP|40|Air Link Commun|0.0|0|0|123.95|0|123.7|||
15SEP2026|AIRLINK-NOV|40|Air Link Commun|0.0|0|0|127.33|0|127.08|||
15SEP2026|AIRLINK-OCT|40|Air Link Commun|0.0|0|0|125.83|0|125.58|||
15SEP2026|AIRLINK-SEP|40|Air Link Commun|124.17|125.16|123.65|123.78|124500|123.92|||
15SEP2026|AKBL|0807|Askari Bank|104.0|106.66|104|105.9|1048431|103.36|||
15SEP2026|AKBL-CSEP|40|Askari Bank|0.0|0|0|106.36|0|103.86|||
15SEP2026|AKBL-NOV|40|Askari Bank|0.0|0|0|109.27|0|106.69|||
15SEP2026|AKBL-OCT|40|Askari Bank|0.0|0|0|107.98|0|105.43|||
15SEP2026|AKBL-SEPB|40|Askari Bank|105.0|106.86|104.6|105.85|224000|103.91|||
15SEP2026|AKDHL|0818|AKD Hospitality|150.0|152|142.02|149.95|1023|150.09|||
15SEP2026|AKDSL|0813|AKD Securites|33.25|34.49|33.25|34.34|89857|33.6|||
15SEP2026|AKGL|0818|AL-Khair Gadoon|50.1|56|50.1|54.51|1459|52.21|||
15SEP2026|ALAC|0812|Askari Life Ass|24.45|25|23.65|24.77|900966|24.37|||
15SEP2026|ALIFE|0812|Adamjee Life Ass.XD|29.71|31.91|29.71|31|10762|30.65|||
15SEP2026|ALNRS|0826|AL-Noor Sugar|116.01|125|110|119|4016|116.54|||
15SEP2026|ALTN|0824|Altern Energy|6.67|6.67|6.5|6.62|53992|6.5|||
15SEP2026|AMBL|0813|Apna Microfin.|19.94|19.94|19|19.48|1537|18.8|||
15SEP2026|AMTEX|0830|Amtex Limited|3.95|3.95|3.7|3.71|319316|3.8|||
15SEP2026|ANL|0829|Azgard Nine|9.14|9.4|9.14|9.3|167030|9.13|||
15SEP2026|ANL-CSEP|40|Azgard Nine|0.0|0|0|9.34|0|9.17|||
15SEP2026|ANSM|0826|Ansari Sugar|24.44|24.84|24|24.34|166072|23.5|||
15SEP2026|ANTM|0829|AN Textile Mill|70.99|77.9|70.99|76.34|8512|70.98|||
15SEP2026|APL|0821|Attock Petroleum|578.0|585|575.06|577.07|50197|577.25|||
15SEP2026|APL-CNOV|40|Attock Petroleum|0.0|0|0|595.42|0|595.86|||
15SEP2026|APL-COCT|40|Attock Petroleum|0.0|0|0|588.38|0|588.82|||
15SEP2026|APL-CSEP|40|Attock Petroleum|0.0|0|0|579.58|0|580.02|||
15SEP2026|ARCTM|0830|Arctic Textile|38.95|39.95|38.51|39.03|12612|38.28|||
15SEP2026|ARMG|0813|ARM Green Indus.|55.55|55.55|50.6|55.84|1223|55.84|||
15SEP2026|ARPAK|0818|Arpak Int.|133.99|134.99|123.01|133.79|1716|129.06|||
15SEP2026|ARPL|0805|Archroma Pak|444.0|444|429.9|433.27|51658|436.41|||
15SEP2026|ARUJ|0829|Aruj Industries|9.9|10.6|9.26|10.53|363508|9.6|||
15SEP2026|ASC|0810|Al-Shaheer Corp|8.0|8.24|8|8.09|182657|8.04|||
15SEP2026|ASHT|0831|Ashfaq Textile|34.0|34|32|32.94|6739|32.3|||
15SEP2026|ASL|0808|Aisha Steel Mill|17.0|17.1|16.35|16.42|3786208|16.56|||
15SEP2026|ASLCPS|0808|Aisha Steel (PR)|85.67|94.2|85.67|85.67|248|85.67|||
15SEP2026|ASL-NOV|40|Aisha Steel Mill|0.0|0|0|16.94|0|17.09|||
15SEP2026|ASL-OCT|40|Aisha Steel Mill|0.0|0|0|16.74|0|16.89|||
15SEP2026|ASLPS|0808|Aisha Steel (PR)|28.45|28.45|24.9|26.94|920|26.88|||
15SEP2026|ASL-SEP|40|Aisha Steel Mill|17.0|17.1|16.41|16.48|1643000|16.63|||
15SEP2026|ASTL|0808|Amreli Steels|14.69|14.9|14.35|14.86|374891|14.45|||
15SEP2026|ASTM|0830|Asim Textile|99.99|108.05|88.41|108.05|940096|98.23|||
15SEP2026|ATBA|0802|Atlas Battery|167.06|168|165.1|166.68|5999|167.54|||
15SEP2026|ATIL|0812|Atlas Ins. LtdXD|75.0|75|74|74.2|922|74.02|||
15SEP2026|ATLH|0801|Atlas Honda Ltd|1580.0|1600|1550|1582.46|2367|1580.46|||
15SEP2026|ATRL|0825|Attock Refinery|1131.16|1165|1112|1115.69|528533|1118|||
15SEP2026|ATRL-CNOV|40|Attock Refinery|0.0|0|0|1151.17|0|1154.04|||
15SEP2026|ATRL-COCT|40|Attock Refinery|0.0|0|0|1137.56|0|1140.4|||
15SEP2026|ATRL-CSEP|40|Attock Refinery|0.0|0|0|1120.55|0|1123.36|||
15SEP2026|ATRL-NOV|40|Attock Refinery|0.0|0|0|1151.17|0|1154.04|||
15SEP2026|ATRL-OCT|40|Attock Refinery|0.0|0|0|1137.56|0|1140.4|||
15SEP2026|ATRL-SEP|40|Attock Refinery|1139.9|1154|1114.1|1117.51|197000|1119.01|||
15SEP2026|AVN|0828|Avanceon Ltd|28.3|28.3|27.75|27.99|213844|27.97|||
15SEP2026|AVN-CSEP|40|Avanceon Ltd|0.0|0|0|28.11|0|28.1|||
15SEP2026|BAFL|0807|Bank Al-Falah|54.97|56.75|54.97|56.53|2255314|54.24|||
15SEP2026|BAFL-CNOV|40|Bank Al-Falah|0.0|0|0|58.33|0|55.99|||
15SEP2026|BAFL-COCT|40|Bank Al-Falah|0.0|0|0|57.64|0|55.33|||
15SEP2026|BAFL-CSEP|40|Bank Al-Falah|0.0|0|0|56.78|0|54.5|||
15SEP2026|BAFL-NOV|40|Bank Al-Falah|0.0|0|0|58.33|0|55.99|||
15SEP2026|BAFL-OCT|40|Bank Al-Falah|0.0|0|0|57.64|0|55.33|||
15SEP2026|BAFL-SEPB|40|Bank Al-Falah|55.49|56.8|55.49|56.8|98000|54.5|||
15SEP2026|BAFS|0826|Baba Farid|430.0|450.5|430|432.18|306|445.83|||
15SEP2026|BAHL|0807|Bank AL-Habib|151.99|153.01|150|152.93|1430934|150.19|||
15SEP2026|BAHL-CNOV|40|Bank AL-Habib|0.0|0|0|157.79|0|155.03|||
15SEP2026|BAHL-COCT|40|Bank AL-Habib|0.0|0|0|155.93|0|153.2|||
15SEP2026|BAHL-CSEP|40|Bank AL-Habib|0.0|0|0|153.6|0|150.91|||
15SEP2026|BAHL-NOV|40|Bank AL-Habib|0.0|0|0|157.79|0|155.03|||
15SEP2026|BAHL-OCTB|40|Bank AL-Habib|0.0|0|0|155.93|0|153.2|||
15SEP2026|BAHL-SEPB|40|Bank AL-Habib|0.0|0|0|153.6|0|151.95|||
15SEP2026|BAPL|0805|Bawany Air Prod|39.79|39.79|35.5|38.63|43725|38.58|||
15SEP2026|BATA|0816|Bata (Pak) Ltd.|846.05|860|846.05|850.58|883|846.05|||
15SEP2026|BBFL|0810|Big Bird Foods Ltd.|39.51|40.5|39.51|39.76|77070|39.96|||
15SEP2026|BBFL-CSEP|40|Big Bird Foods Ltd.|0.0|0|0|39.93|0|40.15|||
15SEP2026|BCL|0808|Bolan Casting|65.02|72.59|65.02|72.59|54643|65.99|||
15SEP2026|BECO|0808|Beco Steel Ltd|4.47|4.5|4.35|4.37|1198876|4.37|||
15SEP2026|BECO-SEP|40|Beco Steel Ltd|0.0|0|0|4.39|0|4.45|||
15SEP2026|BELA|0802|Bela Automotive|57.9|57.9|53.11|57.4|396|57.4|||
15SEP2026|BERG|0805|Berger Paints|113.0|122.35|111.62|122.06|714079|111.23|||
15SEP2026|BFAGRO|0810|Barkat Frisian Agro|30.0|30.75|30|30.29|46958|29.88|||
15SEP2026|BFBIO|0823|BF Biosciences|119.0|124|119|122.03|488689|119.97|||
15SEP2026|BFBIO-CNOV|40|BF Biosciences|0.0|0|0|125.91|0|123.84|||
15SEP2026|BFBIO-COCT|40|BF Biosciences|0.0|0|0|124.42|0|122.37|||
15SEP2026|BFBIO-CSEP|40|BF Biosciences|0.0|0|0|122.56|0|120.54|||
15SEP2026|BFMOD|0819|B.F.Modaraba|21.35|22.29|21|21.07|9371|21.33|||
15SEP2026|BGL|0811|Bal.Glass|9.42|9.65|9.42|9.51|48891|9.5|||
15SEP2026|BHAT|0829|Bhanero Tex.|791.01|818.98|791.01|819.53|28|819.53|||
15SEP2026|BIFO|0805|Biafo Industries|115.0|119.44|113.1|117.59|170586|114|||
15SEP2026|BIPL|0807|Bankislami PakXD|24.85|24.85|24.2|24.63|236859|24.46|||
15SEP2026|BIPL-CSEP|40|Bankislami PakXD|0.0|0|0|24.74|0|24.58|||
15SEP2026|BIPL-OCTB|40|Bankislami PakXD|0.0|0|0|25.11|2000|24.95|||
15SEP2026|BIPL-SEPB|40|Bankislami PakXD|24.54|24.6|24.52|24.52|18000|24.63|||
15SEP2026|BKTI-NOV|41|BKTI|0.0|0|0|48111|0|47819|||
15SEP2026|BKTI-OCT|41|BKTI|0.0|0|0|47682|0|47393|||
15SEP2026|BKTI-SEP|41|BKTI|0.0|0|0|47146|0|46860|||
15SEP2026|BLUEX|0833|Blue-Ex Limited|6.18|6.18|5.98|6.01|559528|6.02|||
15SEP2026|BML|0807|Bank Makramah|46.0|46.4|44.07|44.43|281339|45.78|||
15SEP2026|BML-CSEP|40|Bank Makramah|0.0|0|0|44.62|0|46|||
15SEP2026|BML-NOV|40|Bank Makramah|0.0|0|0|45.84|0|47.26|||
15SEP2026|BML-OCT|40|Bank Makramah|0.0|0|0|45.3|0|46.7|||
15SEP2026|BML-SEP|40|Bank Makramah|46.0|46.75|43.64|44.81|22000|46.12|||
15SEP2026|BNL|0810|Bunnys Limited|5.68|5.78|5.65|5.67|553193|5.68|||
15SEP2026|BNL-CNOV|40|Bunnys Limited|0.0|0|0|5.85|0|5.86|||
15SEP2026|BNL-COCT|40|Bunnys Limited|0.0|0|0|5.78|0|5.79|||
15SEP2026|BNL-CSEP|40|Bunnys Limited|0.0|0|0|5.69|0|5.71|||
15SEP2026|BNL-NOV|40|Bunnys Limited|0.0|0|0|5.85|0|5.86|||
15SEP2026|BNL-OCT|40|Bunnys Limited|0.0|0|0|5.78|0|5.79|||
15SEP2026|BNL-SEP|40|Bunnys Limited|5.7|5.7|5.7|5.7|500|5.7|||
15SEP2026|BNWM|0835|Bannu Woollen|63.0|64.88|62.9|62.9|1923|63|||
15SEP2026|BOK|0807|Bank Of Khyber|29.94|29.94|28.14|28.79|1799|28.03|||
15SEP2026|BOP|0807|B.O.PunjabXD|31.0|31.2|30.61|30.68|6283546|30.88|||
15SEP2026|BOP-CNOV|40|B.O.PunjabXD|0.0|0|0|31.66|0|31.88|||
15SEP2026|BOP-COCT|40|B.O.PunjabXD|0.0|0|0|31.28|0|31.5|||
15SEP2026|BOP-CSEP|40|B.O.PunjabXD|0.0|0|0|30.81|0|31.03|||
15SEP2026|BOP-NOV|40|B.O.PunjabXD|0.0|0|0|31.66|0|31.88|||
15SEP2026|BOP-OCTB|40|B.O.PunjabXD|0.0|0|0|31.28|0|31.13|||
15SEP2026|BOP-SEPB|40|B.O.PunjabXD|31.29|31.3|30.71|30.77|2477500|30.98|||
15SEP2026|BPL|0821|Burshane LPG|63.5|67.74|62.1|63.52|449076|63.01|||
15SEP2026|BRRG|0838|B.R.R Guardia Ltd|43.58|45|43.58|44.5|2567|46|||
15SEP2026|BTL|0829|Blessed Tex.|835.01|866.01|835.01|900.6|17|900.6|||
15SEP2026|BUXL|0805|Buxly Paints|676.02|718|676.02|676.02|119388|751.13|||
15SEP2026|BWCL|0804|Bestway Cement|439.99|440|436|437.24|19399|439.21|||
15SEP2026|BWHL|0802|Bal.Wheels|229.9|229.9|225.1|226.11|11449|224.92|||
15SEP2026|CCM|0830|Crescent Cotton|42.99|42.99|42|42.47|764|42|||
15SEP2026|CENI|0812|Century Ins.|69.07|69.07|69.07|69.07|130412|62.79|||
15SEP2026|CEPB|0822|Century Paper|26.22|27.1|25.5|26.8|555978|25.4|||
15SEP2026|CEPB-CNOV|40|Century Paper|0.0|0|0|27.65|0|26.22|||
15SEP2026|CEPB-COCT|40|Century Paper|0.0|0|0|27.33|0|25.91|||
15SEP2026|CEPB-CSEP|40|Century Paper|0.0|0|0|26.92|0|25.52|||
15SEP2026|CFL|0830|Crescent Fibres|64.95|64.95|59|59.4|13|59.4|||
15SEP2026|CHAS|0826|Chashma Sugar|80.98|81.89|79.02|81.13|3771|80|||
15SEP2026|CHBL|0829|Chenab Limited|9.98|9.98|9.4|9.47|344420|9.78|||
15SEP2026|CHCC|0804|Cherat Cement|265.0|275.8|262.26|272.43|298944|259.85|||
15SEP2026|CHCC-NOV|40|Cherat Cement|0.0|0|0|281.09|0|268.23|||
15SEP2026|CHCC-OCT|40|Cherat Cement|0.0|0|0|277.77|0|265.06|||
15SEP2026|CHCC-SEP|40|Cherat Cement|269.0|275.51|269|270.89|12000|260.79|||
15SEP2026|CLCPS|0829|Chenab Ltd.(PR)|3.39|3.59|3.35|3.43|64586|3.47|||
15SEP2026|CLOV|0810|Clover Pakistan|6.17|6.43|6.17|6.29|598521|6.23|||
15SEP2026|CLVL|0833|Cordoba Logist|28.84|31.85|28.84|28.84|3658962|32.04|||
15SEP2026|CNERGY|0825|Cnergyico PK|13.06|13.19|12.71|12.81|56228801|12.81|||
15SEP2026|CNERGY-COCT|40|Cnergyico PK|0.0|0|0|13.06|0|13.07|||
15SEP2026|CNERGY-OCT|40|Cnergyico PK|13.2|13.25|12.9|12.99|3597500|12.97|||
15SEP2026|CNERGY-SEP|40|Cnergyico PK|13.09|13.21|12.74|12.85|25251500|12.87|||
15SEP2026|COLG|0810|Colgate Palm|1181.0|1186|1176|1178.1|55763|1177.35|||
15SEP2026|CPHL|0823|Citi Pharma Ltd|71.71|72.75|71.45|71.83|326911|71.76|||
15SEP2026|CPHL-CNOV|40|Citi Pharma Ltd|0.0|0|0|74.11|0|74.07|||
15SEP2026|CPHL-COCT|40|Citi Pharma Ltd|0.0|0|0|73.24|0|73.2|||
15SEP2026|CPHL-CSEP|40|Citi Pharma Ltd|0.0|0|0|72.14|0|72.1|||
15SEP2026|CPHL-NOV|40|Citi Pharma Ltd|0.0|0|0|74.11|0|74.07|||
15SEP2026|CPHL-OCT|40|Citi Pharma Ltd|0.0|0|0|73.24|0|73.2|||
15SEP2026|CPHL-SEP|40|Citi Pharma Ltd|72.52|75.05|71.82|72.25|113500|72.29|||
15SEP2026|CPPL|0822|Cherat Packaging|97.84|102|96.07|98.51|47437|94.82|||
15SEP2026|CRTM|0829|Crescent Tex.|67.0|67|64|65.45|3359|66|||
15SEP2026|CSAP|0808|Crescent Steel|91.11|92.5|89.91|91.63|104091|89.86|||
15SEP2026|CSAP-CNOV|40|Crescent Steel|0.0|0|0|94.54|0|92.76|||
15SEP2026|CSAP-COCT|40|Crescent Steel|0.0|0|0|93.43|0|91.66|||
15SEP2026|CSAP-CSEP|40|Crescent Steel|0.0|0|0|92.03|0|90.29|||
15SEP2026|CSIL|0812|Cres.Star Ins.|5.72|5.79|5.52|5.73|7760328|5.63|||
15SEP2026|CSIL-NOV|40|Cres.Star Ins.|0.0|0|0|5.91|0|6.1|||
15SEP2026|CSIL-OCT|40|Cres.Star Ins.|0.0|0|0|5.84|0|5.74|||
15SEP2026|CSIL-SEP|40|Cres.Star Ins.|5.67|5.69|5.57|5.61|160500|5.61|||
15SEP2026|CTM|0830|Colony Tex.Mills Ltd|6.25|6.63|6.18|6.24|311525|6.2|||
15SEP2026|DAAG|0805|Data Agro|94.9|94.9|87|88.3|7868|89.1|||
15SEP2026|DADX|0808|Dadex Eternit|102.11|109|102.11|107.58|120|107.58|||
15SEP2026|DBCI|0804|Dadabhoy Cement|10.05|10.48|10.05|10.14|394051|9.93|||
15SEP2026|DCL|0804|Dewan Cement|9.6|9.68|9.47|9.5|822275|9.48|||
15SEP2026|DCL-NOV|40|Dewan Cement|0.0|0|0|9.8|0|9.79|||
15SEP2026|DCL-OCT|40|Dewan Cement|0.0|0|0|9.69|0|9.67|||
15SEP2026|DCL-SEP|40|Dewan Cement|9.6|9.7|9.52|9.55|267500|9.52|||
15SEP2026|DCR|0836|Dolmen City|40.0|40.3|40|40.15|148283|40|||
15SEP2026|DEL|0813|Dawood Equities|18.01|19|18.01|18.14|20772|18.3|||
15SEP2026|DFML|0801|Dewan Motors|15.3|15.6|15.2|15.24|212599|15.1|||
15SEP2026|DFSM|0830|Dewan Farooque Sp.|11.77|12.35|11.25|11.99|420048|11.23|||
15SEP2026|DGKC|0804|D.G.K.Cement|197.7|197.7|190.5|192.07|2747253|189.04|||
15SEP2026|DGKC-CNOV|40|D.G.K.Cement|0.0|0|0|198.18|0|195.13|||
15SEP2026|DGKC-COCT|40|D.G.K.Cement|0.0|0|0|195.84|0|192.83|||
15SEP2026|DGKC-CSEP|40|D.G.K.Cement|0.0|0|0|192.91|0|189.95|||
15SEP2026|DGKC-NOV|40|D.G.K.Cement|0.0|0|0|198.18|0|195.13|||
15SEP2026|DGKC-OCT|40|D.G.K.Cement|0.0|0|0|195.84|0|192.83|||
15SEP2026|DGKC-SEP|40|D.G.K.Cement|192.48|195|191.2|192.77|1317500|189.87|||
15SEP2026|DIIL|0818|Diamond Ind.|83.77|85|72|74.33|163441|77.75|||
15SEP2026|DINT|0830|Din Textile|54.0|56.15|54|55.74|3436|55.01|||
15SEP2026|DLL|0813|Dawood LawXD|46.01|46.75|46|46.73|8018|46.03|||
15SEP2026|DMC|0830|D.M. Corporation Ltd|166.0|166|152|155.43|562|155.93|||
15SEP2026|DNCC|0804|Dandot Cement|15.89|15.89|15.26|15.68|74056|15.21|||
15SEP2026|DOL|0805|Descon Oxychem|29.9|30.13|29.5|29.82|77563|29.91|||
15SEP2026|DSIL|0830|D.S. Ind. Ltd.|8.3|8.58|8.16|8.33|1408042|8.28|||
15SEP2026|DSL|0808|Dost Steels Ltd.|4.26|4.44|4.26|4.37|489635|4.26|||
15SEP2026|DWAE|0802|Dewan Auto Engg|22.69|22.69|21.32|21.83|1824|22.29|||
15SEP2026|DWSM|0826|Dewan Sugar|6.07|6.38|6|6.03|53229|6.07|||
15SEP2026|DWTM|0830|Dewan Textile|10.73|10.74|9.44|9.72|11587|9.84|||
15SEP2026|DYNO|0805|Dynea Pakistan|321.11|329|320.26|327.67|1038|325|||
15SEP2026|ECOP|0818|ECOPACK Ltd|51.8|52.34|50.1|51.01|116795|51.19|||
15SEP2026|EFERT|0809|Engro Fertert|187.1|190.1|187.1|189.1|663500|187.06|||
15SEP2026|EFERT-CNOV|40|Engro Fertert|0.0|0|0|195.11|0|193.09|||
15SEP2026|EFERT-COCT|40|Engro Fertert|0.0|0|0|192.81|0|190.81|||
15SEP2026|EFERT-CSEP|40|Engro Fertert|0.0|0|0|189.92|0|187.96|||
15SEP2026|EFERT-NOV|40|Engro Fertert|0.0|0|0|195.11|0|193.09|||
15SEP2026|EFERT-OCT|40|Engro Fertert|0.0|0|0|192.81|0|190.81|||
15SEP2026|EFERT-SEPB|40|Engro Fertert|189.48|191.2|189.44|189.6|17500|187.51|||
15SEP2026|EFUG|0812|EFU General|130.77|131.98|121.01|130.62|3319|127.02|||
15SEP2026|EFUL|0812|EFU Life Assurance|157.0|157.55|155.5|155.75|586|155.59|||
15SEP2026|ELCM|0830|Elahi Cotton|214.0|231|214|231|1240|234|||
15SEP2026|ELSM|0830|Ellcot Spinning|148.99|149|148.99|149|900|149.9|||
15SEP2026|EMCO|0803|EMCO Industries|37.62|39.59|37.62|38.65|68886|37.62|||
15SEP2026|ENGROH|0813|Engro Holdings|262.11|264.79|261.33|263.83|991381|261.28|||
15SEP2026|ENGROH-NOV|40|Engro Holdings|0.0|0|0|272.22|0|269.7|||
15SEP2026|ENGROH-OCT|40|Engro Holdings|0.0|0|0|269|0|266.52|||
15SEP2026|ENGROH-SEP|40|Engro Holdings|263.01|265.2|262.5|264.93|52500|262.46|||
15SEP2026|EPCL|0805|Engro Polymer|32.84|33.4|32.35|33.11|187384|32.43|||
15SEP2026|EPCL-CNOV|40|Engro Polymer|0.0|0|0|34.16|0|33.48|||
15SEP2026|EPCL-COCT|40|Engro Polymer|0.0|0|0|33.76|0|33.08|||
15SEP2026|EPCL-CSEP|40|Engro Polymer|0.0|0|0|33.25|0|32.59|||
15SEP2026|EPCL-NOV|40|Engro Polymer|0.0|0|0|34.16|0|33.48|||
15SEP2026|EPCL-OCT|40|Engro Polymer|0.0|0|0|33.76|0|33.08|||
15SEP2026|EPCLPS|0805|Engro Poly (PR)|13.36|13.4|13.36|13.97|456|13.97|||
15SEP2026|EPCL-SEP|40|Engro Polymer|33.01|33.2|32.6|33.09|28500|32.62|||
15SEP2026|EPQL|0824|Engro Powergen|23.2|23.75|23.2|23.67|266060|23.2|||
15SEP2026|ESBL|0813|Escorts Bank|8.2|8.99|8.06|8.77|91572|8.75|||
15SEP2026|EWIC|0812|East West Insuranc|49.61|60|49.61|54.58|109|54.58|||
15SEP2026|EXIDE|0802|Exide (PAK)|444.89|444.89|430|430.97|2412|435.59|||
15SEP2026|FABL|0807|Faysal Bank|91.5|91.98|90.1|90.7|303082|90.96|||
15SEP2026|FABL-CNOV|40|Faysal Bank|0.0|0|0|93.58|0|93.89|||
15SEP2026|FABL-COCT|40|Faysal Bank|0.0|0|0|92.48|0|92.78|||
15SEP2026|FABL-CSEP|40|Faysal Bank|0.0|0|0|91.1|0|91.4|||
15SEP2026|FABL-NOV|40|Faysal Bank|0.0|0|0|93.58|0|93.89|||
15SEP2026|FABL-OCTB|40|Faysal Bank|0.0|0|0|92.48|0|92.78|||
15SEP2026|FABL-SEPB|40|Faysal Bank|91.6|91.6|91.6|91.6|1000|90.7|||
15SEP2026|FANM|0819|AL-Noor Mod|9.76|9.76|9.1|9.24|71649|9.15|||
15SEP2026|FASM|0829|Faisal Spinning|312.0|319|310|315|26|315|||
15SEP2026|FATIMA|0809|Fatima Fert|144.0|150|144|148.14|316171|143.16|||
15SEP2026|FATIMA-CSEP|40|Fatima Fert|0.0|0|0|148.79|0|143.85|||
15SEP2026|FATIMA-NOV|40|Fatima Fert|0.0|0|0|152.85|0|147.77|||
15SEP2026|FATIMA-OCT|40|Fatima Fert|0.0|0|0|151.04|0|146.03|||
15SEP2026|FATIMA-SEP|40|Fatima Fert|148.0|150.6|148|149|3500|145.01|||
15SEP2026|FCCL|0804|Fauji Cement|51.99|52.9|51.66|52.79|4693142|51.37|||
15SEP2026|FCCL-CNOV|40|Fauji Cement|0.0|0|0|54.47|0|53.03|||
15SEP2026|FCCL-COCT|40|Fauji Cement|0.0|0|0|53.82|0|52.4|||
15SEP2026|FCCL-CSEP|40|Fauji Cement|0.0|0|0|53.02|0|51.62|||
15SEP2026|FCCL-NOV|40|Fauji Cement|0.0|0|0|52.81|0|51.41|||
15SEP2026|FCCL-NOVB|40|Fauji Cement|0.0|0|0|52.92|0|51.52|||
15SEP2026|FCCL-OCT|40|Fauji Cement|0.0|0|0|52.81|0|51.41|||
15SEP2026|FCCL-OCTB|40|Fauji Cement|0.0|0|0|52.3|0|50.91|||
15SEP2026|FCCL-SEP|40|Fauji Cement|52.1|52.92|51.7|52.83|3767000|51.49|||
15SEP2026|FCCL-SEPB|40|Fauji Cement|50.7|54.3|50.7|51.6|2646000|51|||
15SEP2026|FCEL|0813|First Cap.Equit|4.99|5.1|4.82|4.99|48024|4.97|||
15SEP2026|FCEPL|0810|Frieslandcampina|133.5|136.88|132.02|132.62|466308|133.21|||
15SEP2026|FCEPL-CNOV|40|Frieslandcampina|0.0|0|0|136.84|0|137.5|||
15SEP2026|FCEPL-COCT|40|Frieslandcampina|0.0|0|0|135.22|0|135.88|||
15SEP2026|FCEPL-CSEP|40|Frieslandcampina|0.0|0|0|133.2|0|133.85|||
15SEP2026|FCIBL|0813|F.Credit & Inv|32.99|32.99|29.91|30.78|10083|30.82|||
15SEP2026|FCL|0803|Fast Cables Ltd.|26.71|27.2|26.55|26.86|1004093|26.49|||
15SEP2026|FCL-CNOV|40|Fast Cables Ltd.|0.0|0|0|27.71|0|27.34|||
15SEP2026|FCL-COCT|40|Fast Cables Ltd.|0.0|0|0|27.39|0|27.02|||
15SEP2026|FCL-CSEP|40|Fast Cables Ltd.|0.0|0|0|26.98|0|26.62|||
15SEP2026|FCL-NOV|40|Fast Cables Ltd.|0.0|0|0|27.71|0|27.34|||
15SEP2026|FCL-OCT|40|Fast Cables Ltd.|27.01|27.01|27.01|27.01|25000|27.02|||
15SEP2026|FCL-SEP|40|Fast Cables Ltd.|26.85|27.07|26.55|26.9|198500|26.64|||
15SEP2026|FCSC|0813|Ist.Capital Sec|5.07|5.28|4.99|5.02|1285035|5|||
15SEP2026|FDPL|0813|First Dawood Prop|4.52|4.65|4.45|4.55|156450|4.55|||
15SEP2026|FDPL-SEP|40|First Dawood Prop|4.58|4.58|4.58|4.58|1000|4.57|||
15SEP2026|FECM|0819|Elite Cap.Mod|22.5|24.5|22.5|23.28|72662|23.14|||
15SEP2026|FECTC|0804|Fecto Cement|95.0|96.88|93|93.69|88294|93.7|||
15SEP2026|FEM|0819|Equity Modaraba|10.65|11.21|10.65|11.15|6510|11.24|||
15SEP2026|FEROZ|0823|Ferozsons (Lab)|339.95|339.95|311.2|319.6|14620|328.83|||
15SEP2026|FFC|0809|Fauji Fert|537.0|542|536|540.41|582743|535.11|||
15SEP2026|FFC-CNOV|40|Fauji Fert|0.0|0|0|557.6|0|552.36|||
15SEP2026|FFC-COCT|40|Fauji Fert|0.0|0|0|551|0|545.83|||
15SEP2026|FFC-CSEP|40|Fauji Fert|0.0|0|0|542.76|0|537.67|||
15SEP2026|FFC-NOV|40|Fauji Fert|0.0|0|0|557.6|0|552.36|||
15SEP2026|FFC-OCT|40|Fauji Fert|0.0|0|0|551|0|545.83|||
15SEP2026|FFC-SEPB|40|Fauji Fert|540.0|544.5|538|541.9|22500|535|||
15SEP2026|FFL|0810|Fauji Foods Ltd|14.74|14.84|14.5|14.52|1311858|14.47|||
15SEP2026|FFL-CNOV|40|Fauji Foods Ltd|0.0|0|0|14.98|0|14.94|||
15SEP2026|FFL-COCT|40|Fauji Foods Ltd|0.0|0|0|14.8|0|14.76|||
15SEP2026|FFL-CSEP|40|Fauji Foods Ltd|0.0|0|0|14.58|0|14.54|||
15SEP2026|FFLM|0819|1st.Fid.Leasing|11.5|12|11.2|11.45|154066|11.7|||
15SEP2026|FFL-NOV|40|Fauji Foods Ltd|0.0|0|0|14.98|0|14.94|||
15SEP2026|FFL-OCT|40|Fauji Foods Ltd|0.0|0|0|14.8|0|14.76|||
15SEP2026|FFL-SEP|40|Fauji Foods Ltd|14.7|14.79|14.55|14.55|191000|14.54|||
15SEP2026|FHAM|0819|Habib Modaraba|30.99|31|30|30.59|32700|30.74|||
15SEP2026|FIBLM|0819|I.B.L.Modarab|15.39|15.5|14.57|15|197868|15.12|||
15SEP2026|FIL|0816|Fateh Industries|271.11|290|260|289.62|249|271.11|||
15SEP2026|FIMM|0819|Imrooz Modaraba|202.0|202|200|215.99|116|215.99|||
15SEP2026|FLYNG|0804|Flying Cement|35.01|37|35.01|36.81|24823|36.11|||
15SEP2026|FML|0829|Feroze 1888|46.51|48.48|46.51|47.04|6157|47|||
15SEP2026|FNEL|0813|F. Nat.Equities|1.14|1.14|1.09|1.1|9051641|1.09|||
15SEP2026|FPJM|0819|Punjab Mod|20.67|22.72|20.6|22.72|1358094|20.65|||
15SEP2026|FPRM|0819|Paramount Mod|9.51|10.03|9.51|9.86|124337|9.5|||
15SEP2026|FRCL|0811|Frontier Ceram|87.95|87.95|86|81.1|14|81.1|||
15SEP2026|FRSM|0826|Faran Sugar Mills|41.2|41.2|40|41.15|350|41.15|||
15SEP2026|FSWL|0829|Fateh Sports|157.0|167.44|142|145.9|2177|152.22|||
15SEP2026|FTMM|0819|F.Treet Manuf|18.92|18.92|17.75|17.96|16671|18.09|||
15SEP2026|FTSM|0819|Tri-Star 1st Mod.|40.79|40.79|35.98|38.07|93922|39.98|||
15SEP2026|FZCM|0829|Fazal Cloth|249.9|254.39|240.4|246.73|817|244.21|||
15SEP2026|GADT|0830|Gadoon Textile|301.0|304.88|296|300|11344|297.24|||
15SEP2026|GAL|0801|Ghandhara Automobile|572.9|577|566.1|567.39|299056|566.54|||
15SEP2026|GAL-CNOV|40|Ghandhara Automobile|0.0|0|0|585.43|0|584.8|||
15SEP2026|GAL-COCT|40|Ghandhara Automobile|0.0|0|0|578.51|0|577.89|||
15SEP2026|GAL-CSEP|40|Ghandhara Automobile|0.0|0|0|569.86|0|569.25|||
15SEP2026|GAL-NOV|40|Ghandhara Automobile|0.0|0|0|585.43|0|584.8|||
15SEP2026|GAL-OCT|40|Ghandhara Automobile|0.0|0|0|578.51|0|577.89|||
15SEP2026|GAL-SEP|40|Ghandhara Automobile|575.0|577.89|568|569.57|92500|568.29|||
15SEP2026|GAMON|0818|Gammon Pak|20.0|20.3|19.4|19.84|10867|19.9|||
15SEP2026|GATI|0827|Gatron Ind.|83.03|84.99|78.51|84|12807|84.11|||
15SEP2026|GATM|0829|Gul Ahmed|21.98|21.98|21.2|21.34|599626|21.4|||
15SEP2026|GATM-CSEP|40|Gul Ahmed|0.0|0|0|21.43|0|21.5|||
15SEP2026|GATM-NOV|40|Gul Ahmed|0.0|0|0|22.02|0|22.09|||
15SEP2026|GATM-OCT|40|Gul Ahmed|0.0|0|0|21.76|0|21.83|||
15SEP2026|GATM-SEP|40|Gul Ahmed|20.6|21.6|20.6|21.32|40500|21.48|||
15SEP2026|GCIL|0805|Ghani Chemical|32.4|32.6|31.8|31.98|994653|32.19|||
15SEP2026|GCIL-CNOV|40|Ghani Chemical|0.0|0|0|33|0|33.23|||
15SEP2026|GCIL-COCT|40|Ghani Chemical|0.0|0|0|32.61|0|32.84|||
15SEP2026|GCIL-CSEP|40|Ghani Chemical|0.0|0|0|32.12|0|32.34|||
15SEP2026|GCIL-NOV|40|Ghani Chemical|0.0|0|0|33|0|33.23|||
15SEP2026|GCIL-OCT|40|Ghani Chemical|0.0|0|0|32.61|0|32.84|||
15SEP2026|GCIL-SEP|40|Ghani Chemical|32.43|32.62|31.96|32.22|142000|32.71|||
15SEP2026|GCWL|0805|Ghani Chemworld|14.03|14.38|13.8|14.08|750901|14.03|||
15SEP2026|GCWL-CSEP|40|Ghani Chemworld|0.0|0|0|14.14|0|14.1|||
15SEP2026|GCWLPRS|0805|Ghani Chem(PRS)|130.0|130|119.02|131.99|112|131.99|||
15SEP2026|GDL|0810|Ghani Dairies Ltd.|16.8|18.44|16.8|18.3|7956918|16.76|||
15SEP2026|GEMMEL|0824|Mughal Energy Ltd|36.0|39.28|36|39.28|71|39.28|||
15SEP2026|GEMPACRA|0818|The Pakistan Credit|34.25|34.25|34.25|31.25|150|31.25|||
15SEP2026|GFIL|0829|Ghazi Fabrics|25.83|26.6|25.26|25.4|4527|24.25|||
15SEP2026|GGGL|0811|GhaniGlobalGlass|7.55|7.67|7.5|7.53|161014|7.41|||
15SEP2026|GGL|0805|Ghani Glo Hol|20.2|20.4|19.45|19.53|557713|20|||
15SEP2026|GGL-CNOV|40|Ghani Glo Hol|0.0|0|0|20.15|0|20.64|||
15SEP2026|GGL-COCT|40|Ghani Glo Hol|0.0|0|0|19.91|0|20.4|||
15SEP2026|GGL-CSEP|40|Ghani Glo Hol|0.0|0|0|19.62|0|20.1|||
15SEP2026|GGL-NOV|40|Ghani Glo Hol|0.0|0|0|20.15|0|20.64|||
15SEP2026|GGL-OCT|40|Ghani Glo Hol|0.0|0|0|19.91|0|20.4|||
15SEP2026|GGL-SEP|40|Ghani Glo Hol|20.35|20.35|19.56|19.63|40000|20.2|||
15SEP2026|GHGL|0811|Ghani Glass Ltd|39.07|40.22|39|39.02|148164|39.07|||
15SEP2026|GHNI|0801|Ghandhara Ind.|1179.0|1198|1161.11|1169.98|117362|1158.43|||
15SEP2026|GHNI-CNOV|40|Ghandhara Ind.|0.0|0|0|1207.19|0|1195.77|||
15SEP2026|GHNI-COCT|40|Ghandhara Ind.|0.0|0|0|1192.91|0|1181.64|||
15SEP2026|GHNI-CSEP|40|Ghandhara Ind.|0.0|0|0|1175.08|0|1163.98|||
15SEP2026|GHNI-NOV|40|Ghandhara Ind.|0.0|0|0|1207.19|0|1195.77|||
15SEP2026|GHNI-OCT|40|Ghandhara Ind.|0.0|0|0|1192.91|0|1181.64|||
15SEP2026|GHNI-SEP|40|Ghandhara Ind.|1190.0|1200|1166|1172|26000|1165|||
15SEP2026|GLAXO|0823|GlaxoSmithKline|302.99|306|302.16|304.69|66322|300.07|||
15SEP2026|GLAXO-NOV|40|GlaxoSmithKline|0.0|0|0|314.38|0|309.74|||
15SEP2026|GLAXO-OCTB|40|GlaxoSmithKline|0.0|0|0|310.66|0|306.08|||
15SEP2026|GLAXO-SEPB|40|GlaxoSmithKline|305.0|305|305|305|1000|300.89|||
15SEP2026|GOC|0818|GOC (Pak) Ltd.|160.01|168|160.01|165.02|65|165.02|||
15SEP2026|GRR|0836|Globe Residency|22.4|22.55|22.05|22.36|388717|22.15|||
15SEP2026|GRYL|0815|Grays Leasing|19.6|20.4|18.83|19.98|9607|19.63|||
15SEP2026|GSPM|0830|Gulshan Sp.|6.29|6.3|6.11|6.11|8052|6.01|||
15SEP2026|GTYR|0802|Ghandhara Tyre|25.7|25.7|25|25.14|109928|25.49|||
15SEP2026|GUSM|0830|Gulistan Sp.|9.02|9.7|9|9.03|7117|9.02|||
15SEP2026|GVGL|0811|Ghani Value Glass|55.73|57.73|53.5|54.01|77061|55.73|||
15SEP2026|GWLC|0804|Gharibwal Cement|50.0|50.89|48.98|49.03|106293|50.13|||
15SEP2026|GWLC-CSEP|40|Gharibwal Cement|0.0|0|0|49.24|0|50.37|||
15SEP2026|HABSM|0826|Habib Sugar|76.0|80.25|76|80.72|141|80.72|||
15SEP2026|HAEL|0829|Hala Enterprise|24.5|25.6|24.1|25.5|1213|25|||
15SEP2026|HAFL|0829|Hafiz Limited|445.98|445.98|445.98|430.06|4|430.06|||
15SEP2026|HALEON|0823|Haleon PakistanXD|696.0|748.44|680|702.82|76051|694.51|||
15SEP2026|HASCOL|0821|Hascol Petrol|19.09|19.55|19.05|19.14|3412485|18.91|||
15SEP2026|HBL|0807|Habib Bank|298.03|301.97|297.75|298.79|395914|298.77|||
15SEP2026|HBL-CNOV|40|Habib Bank|0.0|0|0|308.29|0|308.4|||
15SEP2026|HBL-COCT|40|Habib Bank|0.0|0|0|304.65|0|304.76|||
15SEP2026|HBL-CSEP|40|Habib Bank|0.0|0|0|300.09|0|300.2|||
15SEP2026|HBL-NOV|40|Habib Bank|0.0|0|0|308.29|0|308.4|||
15SEP2026|HBL-OCTB|40|Habib Bank|0.0|0|0|304.65|0|304.76|||
15SEP2026|HBL-SEPB|40|Habib Bank|302.76|302.89|299|299.59|45000|299.17|||
15SEP2026|HBLTETF|0837|HBL Total Treasury|106.02|106.02|105.92|105.92|1100|105.96|||
15SEP2026|HCAR|0801|Honda Atlas Cars|216.01|232|216.01|226.17|848269|213.56|||
15SEP2026|HCAR-CNOV|40|Honda Atlas Cars|0.0|0|0|233.36|0|220.44|||
15SEP2026|HCAR-COCT|40|Honda Atlas Cars|0.0|0|0|230.6|0|217.84|||
15SEP2026|HCAR-CSEP|40|Honda Atlas Cars|0.0|0|0|227.16|0|214.58|||
15SEP2026|HGFA|0806|HBL Growth Fund|13.77|13.88|13.54|13.57|6251|13.52|||
15SEP2026|HICL|0812|Habib Ins.|8.16|8.16|7.93|8.03|211612|8.04|||
15SEP2026|HIFA|0806|HBL Invest Fund|4.53|4.8|4.53|4.67|69518|4.71|||
15SEP2026|HINO|0801|Hinopak Motor|329.99|334.99|319|322.6|4200|320.46|||
15SEP2026|HINOON|0823|Highnoon (Lab)|921.5|921.7|906|908.77|18139|921.48|||
15SEP2026|HIRAT|0830|Hira Textile|5.55|5.55|5.29|5.3|137862|5.26|||
15SEP2026|HMB|0807|Habib Metropolitan|98.49|98.9|97.5|97.97|668866|97.69|||
15SEP2026|HMB-CNOV|40|Habib Metropolitan|0.0|0|0|101.09|0|100.84|||
15SEP2026|HMB-COCT|40|Habib Metropolitan|0.0|0|0|99.89|0|99.65|||
15SEP2026|HMB-CSEP|40|Habib Metropolitan|0.0|0|0|98.4|0|98.16|||
15SEP2026|HMB-NOV|40|Habib Metropolitan|0.0|0|0|101.09|0|100.84|||
15SEP2026|HMB-OCTB|40|Habib Metropolitan|0.0|0|0|99.89|0|99.65|||
15SEP2026|HMB-SEPB|40|Habib Metropolitan|0.0|0|0|98.4|0|97.9|||
15SEP2026|HPL|0823|Hoechst Pak Ltd|3901.3|3998.9|3901.3|3928.85|268|3961.68|||
15SEP2026|HRPL|0826|Habib Rice Prod|20.89|21.43|20.89|21.03|45212|20.92|||
15SEP2026|HTL|0821|HI-Tech Lub.|36.24|37.28|36.24|36.72|51945|36.53|||
15SEP2026|HUBC|0824|Hub Power Co.|202.05|205|202.05|202.71|1445702|201.87|||
15SEP2026|HUBC-CNOV|40|Hub Power Co.|0.0|0|0|209.16|0|208.38|||
15SEP2026|HUBC-COCT|40|Hub Power Co.|0.0|0|0|206.68|0|205.92|||
15SEP2026|HUBC-CSEP|40|Hub Power Co.|0.0|0|0|203.59|0|202.84|||
15SEP2026|HUBC-NOV|40|Hub Power Co.|0.0|0|0|209.16|0|208.38|||
15SEP2026|HUBC-OCT|40|Hub Power Co.|206.0|206|206|206|1000|205.92|||
15SEP2026|HUBC-SEP|40|Hub Power Co.|204.5|205.5|203|203.21|333500|202.3|||
15SEP2026|HUMNL|0828|Hum Network|10.12|10.25|10|10.08|3119697|10.06|||
15SEP2026|HUMNL-CNOV|40|Hum Network|0.0|0|0|10.4|0|10.38|||
15SEP2026|HUMNL-COCT|40|Hum Network|0.0|0|0|10.28|0|10.26|||
15SEP2026|HUMNL-CSEP|40|Hum Network|0.0|0|0|10.12|0|10.11|||
15SEP2026|HUMNL-NOV|40|Hum Network|0.0|0|0|10.4|0|10.38|||
15SEP2026|HUMNL-OCT|40|Hum Network|0.0|0|0|10.28|0|10.26|||
15SEP2026|HUMNL-SEP|40|Hum Network|10.15|10.21|10.05|10.13|535000|10.18|||
15SEP2026|HUSI|0838|Hussain Industries|51.98|53.99|50.31|50.96|4017|51.03|||
15SEP2026|HWQS|0826|Haseeb Waqas Sugar|17.89|19|17.65|18.4|13642|17.85|||
15SEP2026|IBFL|0827|Ibrahim Fibres|235.0|255.43|223.05|255.43|2658|232.21|||
15SEP2026|IBLHL|0823|IBL HealthCare|41.98|43.88|41.98|42.89|36414|41.79|||
15SEP2026|ICCI|0831|ICC Industries|13.9|14.39|13.25|13.75|22063|14.02|||
15SEP2026|ICIBL|0813|Invest Bank|16.1|16.71|16.01|16.45|151930|16.07|||
15SEP2026|ICL|0805|Ittehad Chemicals|129.91|132.9|129|130.12|9495|129.67|||
15SEP2026|IDEAL|0830|Ideal Dynamics Ltd.|44.52|50|44.52|46.66|201|46.66|||
15SEP2026|IDRT|0830|Idrees Textile|34.0|34.5|33.34|33.91|10140|33.99|||
15SEP2026|IDYM|0830|Indus Dyeing|134.94|134.94|129.01|129.43|11753|128.63|||
15SEP2026|IGIHL|0812|IGI Holdings|257.9|257.9|245|250|14677|255.79|||
15SEP2026|IGIL|0812|IGI Life Ins|19.99|19.99|18.61|19|229|19|||
15SEP2026|ILP|0829|Interloop Ltd.|99.0|100.2|98.45|98.9|397657|97.57|||
15SEP2026|ILP-NOV|40|Interloop Ltd.|0.0|0|0|102.05|0|100.72|||
15SEP2026|ILP-OCT|40|Interloop Ltd.|0.0|0|0|100.84|0|99.53|||
15SEP2026|ILP-SEP|40|Interloop Ltd.|98.93|100.1|98.01|100.1|13000|96.75|||
15SEP2026|IMAGE|0839|Image Pakistan|24.7|25|24.32|24.98|127879|24.59|||
15SEP2026|IMAGE-CSEP|40|Image Pakistan|0.0|0|0|25.09|0|24.71|||
15SEP2026|IMAGE-NOV|40|Image Pakistan|0.0|0|0|25.77|0|25.38|||
15SEP2026|IMAGE-OCT|40|Image Pakistan|0.0|0|0|25.47|0|25.08|||
15SEP2026|IMAGE-SEP|40|Image Pakistan|24.69|24.75|24.65|24.75|2000|24.55|||
15SEP2026|IML|0813|Imperial Limite|22.16|23|22.16|22.59|1506|22.16|||
15SEP2026|IMS|0813|Intermarket Sec.|18.09|18.85|17.59|18.19|20652|17.92|||
15SEP2026|INDU|0801|Indus Motor Co.|1823.0|1830|1808|1824.99|3522|1806.68|||
15SEP2026|INIL|0808|Int. Ind.Ltd.|159.89|162.4|156|159.3|161569|156.09|||
15SEP2026|INKL|0839|Int.Knitwear|96.32|105|96.32|104.26|57125|102.1|||
15SEP2026|IPAK|0822|Int. Packaging|38.7|38.7|38|38.19|328931|38.11|||
15SEP2026|IREIT|0836|Image ReitXD|7.99|8.07|7.93|8.01|352715|7.99|||
15SEP2026|ISIL|0810|Ismail Ind.|1815.5|1818|1800.1|1811.14|18|1817.66|||
15SEP2026|ISL|0808|Inter.Steel Ltd|78.85|80.86|78.11|78.99|464286|77.67|||
15SEP2026|ISL-CNOV|40|Inter.Steel Ltd|0.0|0|0|81.5|0|80.17|||
15SEP2026|ISL-COCT|40|Inter.Steel Ltd|0.0|0|0|80.54|0|79.23|||
15SEP2026|ISL-CSEP|40|Inter.Steel Ltd|0.0|0|0|79.33|0|78.04|||
15SEP2026|ITANZ|0828|Itanz Technologies|31.1|32.8|30.45|31.43|1674127|31.02|||
15SEP2026|ITTEFAQ|0808|Ittefaq Iron Ind|7.89|7.89|7.57|7.69|149037|7.69|||
15SEP2026|JATM|0830|J.A.Textile|34.48|34.48|32.13|33.99|10042|32.93|||
15SEP2026|JDMT|0830|Janana D Mal|133.0|139.74|128.2|137.29|39975|133.33|||
15SEP2026|JDWS|0826|J.D.W.Sugar|882.41|904.9|882.41|885.39|300|882.41|||
15SEP2026|JGICL|0812|Jubilee Gen.Ins|75.21|77|75.21|76.43|4723|75.88|||
15SEP2026|JKSM|0830|J.K.Spinning|345.9|345.9|315.01|334.74|80|316.57|||
15SEP2026|JLICL|0812|Jubile Life Ins|106.5|108.48|106.02|107.29|2281|106.1|||
15SEP2026|JSBL|0807|JS Bank Ltd|12.08|12.47|11.36|12.01|433591|12.05|||
15SEP2026|JSCL|0813|Jah.Sidd. Co.|20.1|20.6|20.1|20.53|59959|20.09|||
15SEP2026|JSGBETF|0837|JS Global Banking|38.96|39.21|38.8|38.83|12000|38.96|||
15SEP2026|JSGBETF-NOV|40|JS Global Banking|0.0|0|0|40.06|0|40.22|||
15SEP2026|JSGBETF-OCT|40|JS Global Banking|0.0|0|0|39.59|0|39.74|||
15SEP2026|JSGBETF-SEP|40|JS Global Banking|0.0|0|0|39|0|39.15|||
15SEP2026|JSIL|0813|JS Investments|37.07|40.95|37.07|38.1|133481|40|||
15SEP2026|JSMFETF|0837|JS Momentum|10.37|10.63|10.36|10.38|457000|10.37|||
15SEP2026|JSMFETF-SEP|40|JS Momentum|0.0|0|0|10.43|0|10.42|||
15SEP2026|JSML|0826|Jauharabad Sug|48.9|48.9|47.3|48|21339|47|||
15SEP2026|JSRR|0836|JS Rental REIT|10.79|10.8|10.5|10.51|4199|10.52|||
15SEP2026|JUBS|0829|Jubilee Spinning|48.16|52.9|48.16|52.82|868|51.45|||
15SEP2026|JVDC|0838|Javedan Corp.|138.53|138.53|133|135.67|459838|138.53|||
15SEP2026|JVDC-CSEP|40|Javedan Corp.|0.0|0|0|136.26|0|139.19|||
15SEP2026|JVDC-NOV|40|Javedan Corp.|0.0|0|0|139.98|0|143|||
15SEP2026|JVDC-OCT|40|Javedan Corp.|0.0|0|0|138.33|0|141.31|||
15SEP2026|JVDCPS|0838|Javedan Corp(PR)|52.28|52.28|52.28|52.28|100|52.28|||
15SEP2026|JVDC-SEP|40|Javedan Corp.|139.0|139|135.75|136.27|24500|138.93|||
15SEP2026|KAPCO|0824|Kot Addu Power|25.85|26|25.8|25.94|288041|25.76|||
15SEP2026|KAPCO-CNOV|40|Kot Addu Power|0.0|0|0|26.76|0|26.59|||
15SEP2026|KAPCO-COCT|40|Kot Addu Power|0.0|0|0|26.45|0|26.28|||
15SEP2026|KAPCO-CSEP|40|Kot Addu Power|0.0|0|0|26.05|0|25.88|||
15SEP2026|KAPCO-NOV|40|Kot Addu Power|0.0|0|0|26.76|0|26.59|||
15SEP2026|KAPCO-OCT|40|Kot Addu Power|0.0|0|0|26.45|0|26.28|||
15SEP2026|KAPCO-SEP|40|Kot Addu Power|26.0|26|25.95|26|15000|25.86|||
15SEP2026|KCL|0811|Karam Ceramics|147.0|178.06|145.68|178.06|839|161.87|||
15SEP2026|KEL|0824|K-Electric Ltd.|6.6|6.75|6.55|6.62|8843126|6.6|||
15SEP2026|KEL-CNOV|40|K-Electric Ltd.|0.0|0|0|6.83|0|6.81|||
15SEP2026|KEL-COCT|40|K-Electric Ltd.|0.0|0|0|6.75|0|6.73|||
15SEP2026|KEL-CSEP|40|K-Electric Ltd.|0.0|0|0|6.65|0|6.63|||
15SEP2026|KEL-NOV|40|K-Electric Ltd.|0.0|0|0|6.83|0|6.81|||
15SEP2026|KEL-OCT|40|K-Electric Ltd.|6.86|6.86|6.8|6.81|620000|6.73|||
15SEP2026|KEL-SEP|40|K-Electric Ltd.|6.7|6.76|6.6|6.65|1048000|6.62|||
15SEP2026|KHTC|0832|Khyber Tobacco|296.0|298|290.02|297.01|273|295.01|||
15SEP2026|KHYT|0829|Khyber Textile|1875.99|1875.99|1875.99|1929.95|1|1929.95|||
15SEP2026|KML|0829|Kohinoor Mills|8.35|8.49|8.14|8.3|61013|8.31|||
15SEP2026|KOHC|0804|Kohat Cement|89.0|92|88.2|91.27|162444|87.99|||
15SEP2026|KOHC-NOV|40|Kohat Cement|0.0|0|0|94.17|0|90.83|||
15SEP2026|KOHC-OCT|40|Kohat Cement|0.0|0|0|93.06|0|89.75|||
15SEP2026|KOHC-SEP|40|Kohat Cement|90.0|92.3|90|92.16|19000|88.76|||
15SEP2026|KOHE|0824|Kohinoor Energy|15.41|15.8|15.41|15.54|142238|15.51|||
15SEP2026|KOHP|0824|Kohinoor Power|21.0|21|20.13|20.34|25832|20.52|||
15SEP2026|KOHTM|0830|Kohat Textile|96.0|98.59|92.5|95.2|28390|95.87|||
15SEP2026|KOIL|0829|Kohinoor Ind.|35.0|35.49|34.07|34.23|77065|34.81|||
15SEP2026|KOSM|0830|Kohinoor Spining|5.05|5.15|5.03|5.07|1355270|5.04|||
15SEP2026|KOSM-NOV|40|Kohinoor Spining|0.0|0|0|5.23|0|5.2|||
15SEP2026|KOSM-OCT|40|Kohinoor Spining|0.0|0|0|5.17|0|5.14|||
15SEP2026|KOSM-SEP|40|Kohinoor Spining|5.15|5.16|5.06|5.08|347500|5.07|||
15SEP2026|KPUS|0826|Khairpur Sugar|777.9|795|770|778.73|1023|773.91|||
15SEP2026|KSBP|0808|K.S.B.Pumps|226.95|226.95|215.55|217.43|17119|219.28|||
15SEP2026|KSE30-NOV|41|KSE30|0.0|0|0|51669|0|51297|||
15SEP2026|KSE30-OCT|41|KSE30|0.0|0|0|51209|0|50840|||
15SEP2026|KSE30-SEP|41|KSE30|0.0|0|0|50633|0|50268|||
15SEP2026|KSTM|0830|Khalid Siraj|12.17|12.82|12.16|12.82|2773|12.69|||
15SEP2026|KTML|0829|Kohinoor Textile|43.43|43.43|42.25|42.68|53909|42.29|||
15SEP2026|LCI|0805|Lucky Core Ind.|218.0|224.9|215|215.71|147313|216.11|||
15SEP2026|LEUL|0816|Leather Up Ltd.|63.0|69.41|61|69.41|397083|63.1|||
15SEP2026|LIVEN|0823|Liven Pharma|30.4|32.72|30.4|30.59|20824|30.72|||
15SEP2026|LOADS|0802|Loads Limited|12.7|12.95|12.6|12.69|667124|12.7|||
15SEP2026|LOADS-CNOV|40|Loads Limited|0.0|0|0|13.09|0|13.11|||
15SEP2026|LOADS-COCT|40|Loads Limited|0.0|0|0|12.94|0|12.95|||
15SEP2026|LOADS-CSEP|40|Loads Limited|0.0|0|0|12.75|0|12.76|||
15SEP2026|LOADS-NOV|40|Loads Limited|0.0|0|0|13.09|0|13.11|||
15SEP2026|LOADS-OCT|40|Loads Limited|0.0|0|0|12.94|0|12.95|||
15SEP2026|LOADS-SEP|40|Loads Limited|12.85|12.86|12.6|12.7|215000|12.84|||
15SEP2026|LOTCHEM|0805|Lotte Chemical|25.01|25.1|24.68|24.88|1311570|24.72|||
15SEP2026|LOTCHEM-CNOV|40|Lotte Chemical|0.0|0|0|25.67|0|25.52|||
15SEP2026|LOTCHEM-COCT|40|Lotte Chemical|0.0|0|0|25.37|0|25.22|||
15SEP2026|LOTCHEM-CSEPN1|40|Lotte Chemical|0.0|0|0|24.99|0|24.84|||
15SEP2026|LOTCHEM-NOV|40|Lotte Chemical|0.0|0|0|25.67|0|25.52|||
15SEP2026|LOTCHEM-OCT|40|Lotte Chemical|0.0|0|0|25.37|0|25.22|||
15SEP2026|LOTCHEM-SEPB|40|Lotte Chemical|24.99|25.13|24.85|25.02|99000|24.8|||
15SEP2026|LPGL|0805|Leiner Pak Gelat|81.88|81.88|76|78.46|6995|78.16|||
15SEP2026|LPL|0824|Lalpir Power|19.59|19.93|19.23|19.75|53498|19.45|||
15SEP2026|LSECL|0813|LSE Capital Ltd.|5.69|5.7|5.54|5.57|364420|5.51|||
15SEP2026|LSEFSL|0813|LSE Fin. Services|3.08|3.19|3.01|3.02|341812|3.08|||
15SEP2026|LSEVL|0813|LSE Ventures Ltd|12.0|12|11.55|11.75|110781|11.68|||
15SEP2026|LUCK|0804|Lucky Cement|416.5|416.5|408.52|413.87|781195|406.18|||
15SEP2026|LUCK-NOV|40|Lucky Cement|0.0|0|0|414.05|0|406.53|||
15SEP2026|LUCK-NOVB|40|Lucky Cement|0.0|0|0|421.9|0|414.25|||
15SEP2026|LUCK-OCT|40|Lucky Cement|0.0|0|0|414.05|0|406.53|||
15SEP2026|LUCK-OCTB|40|Lucky Cement|0.0|0|0|416.92|0|409.35|||
15SEP2026|LUCK-SEP|40|Lucky Cement|412.0|414.99|409|413.65|972000|406.01|||
15SEP2026|LUCK-SEPB|40|Lucky Cement|407.25|412|407|410|854500|403.5|||
15SEP2026|MACFL|0822|MACPAC Films|67.9|68.9|66.5|66.93|699203|66.02|||
15SEP2026|MACTER|0823|Macter Int. Ltd|240.0|243|238|238.85|5792|240.02|||
15SEP2026|MARI|0820|Mari Energies Ltd.|644.12|649|642|644.4|287967|641.4|||
15SEP2026|MARI-NOV|40|Mari Energies Ltd.|0.0|0|0|644.68|0|641.96|||
15SEP2026|MARI-NOVB|40|Mari Energies Ltd.|0.0|0|0|645.75|0|643.02|||
15SEP2026|MARI-OCT|40|Mari Energies Ltd.|0.0|0|0|644.68|0|641.96|||
15SEP2026|MARI-OCTB|40|Mari Energies Ltd.|0.0|0|0|638.12|0|635.42|||
15SEP2026|MARI-SEP|40|Mari Energies Ltd.|645.01|648.53|642|644.11|80000|643.03|||
15SEP2026|MARI-SEPB|40|Mari Energies Ltd.|633.0|634.1|629.98|631.35|57500|628|||
15SEP2026|MCB|0807|MCB Bank Ltd|389.97|392|388.02|390.65|391989|385.17|||
15SEP2026|MCB-CNOV|40|MCB Bank Ltd|0.0|0|0|403.07|0|397.59|||
15SEP2026|MCB-COCT|40|MCB Bank Ltd|0.0|0|0|398.31|0|392.89|||
15SEP2026|MCB-CSEP|40|MCB Bank Ltd|0.0|0|0|392.35|0|387.02|||
15SEP2026|MCBIM|0813|MCB Inv MGT|159.0|164|155|160.92|909|155.54|||
15SEP2026|MCB-NOV|40|MCB Bank Ltd|0.0|0|0|403.07|0|397.59|||
15SEP2026|MCB-OCTB|40|MCB Bank Ltd|0.0|0|0|398.31|0|392.89|||
15SEP2026|MCB-SEPB|40|MCB Bank Ltd|397.07|397.07|390|390|3000|387.07|||
15SEP2026|MDTL|0828|Media Times Ltd|7.75|7.89|7.3|7.7|39881590|7.64|||
15SEP2026|MDTL-NOV|40|Media Times Ltd|0.0|0|0|7.94|0|7.89|||
15SEP2026|MDTL-OCT|40|Media Times Ltd|0.0|0|0|7.85|0|7.79|||
15SEP2026|MDTL-SEP|40|Media Times Ltd|8.0|8|7.32|7.74|8095500|7.67|||
15SEP2026|MEBL|0807|Meezan Bank Ltd|564.88|564.88|541.4|543.02|1525266|552.27|||
15SEP2026|MEBL-CSEP|40|Meezan Bank Ltd|0.0|0|0|545.39|0|554.92|||
15SEP2026|MEBL-NOV|40|Meezan Bank Ltd|0.0|0|0|560.29|0|570.07|||
15SEP2026|MEBL-OCTB|40|Meezan Bank Ltd|0.0|0|0|553.66|0|563.34|||
15SEP2026|MEBL-SEPB|40|Meezan Bank Ltd|550.0|551.1|545|547|10000|547.09|||
15SEP2026|MEHT|0829|Mehmood Tex.|137.0|147.6|134.5|145.07|256151|134.25|||
15SEP2026|MERIT|0822|Merit Packaging|10.2|10.2|9.82|9.99|86701|10.21|||
15SEP2026|MFFL|0810|MithchellsFruit|169.8|169.8|162|162.03|4931|166.73|||
15SEP2026|MFL|0810|Matco Foods Ltd|38.79|39|38|38.43|47891|38.16|||
15SEP2026|MIIETF|0837|Mahaana Islamic|15.88|16.05|15.88|15.98|560500|15.87|||
15SEP2026|MIRKS|0826|Mirpurkhas Sugar|30.0|32.85|29.11|30.61|9445|30.71|||
15SEP2026|MLCF|0804|Maple Leaf|92.52|95|92.52|93.3|3646326|91.65|||
15SEP2026|MLCF-CNOV|40|Maple Leaf|0.0|0|0|96.27|0|94.6|||
15SEP2026|MLCF-COCT|40|Maple Leaf|0.0|0|0|95.13|0|93.49|||
15SEP2026|MLCF-CSEP|40|Maple Leaf|0.0|0|0|93.71|0|92.09|||
15SEP2026|MLCF-NOV|40|Maple Leaf|0.0|0|0|96.27|0|94.6|||
15SEP2026|MLCF-OCT|40|Maple Leaf|0.0|0|0|95.13|0|93.49|||
15SEP2026|MLCF-SEP|40|Maple Leaf|93.39|94.99|93|93.6|2003000|92.11|||
15SEP2026|MQTM|0830|Maqbool Textile|26.0|26.99|25.51|26.22|14395|26.49|||
15SEP2026|MRNS|0826|Mehran Sugar|58.04|59|56.25|56.6|6520|58.04|||
15SEP2026|MSCL|0808|Metro Steel|20.26|20.93|20|20.21|30405|20.26|||
15SEP2026|MSOT|0839|Masood Textile|200.0|204.95|194.15|199.37|253875|196.51|||
15SEP2026|MTL|0801|Millat Tractors|304.0|309|299.98|306.63|322470|302.28|||
15SEP2026|MTL-CNOV|40|Millat Tractors|0.0|0|0|316.38|0|312.02|||
15SEP2026|MTL-COCT|40|Millat Tractors|0.0|0|0|312.64|0|308.34|||
15SEP2026|MTL-CSEP|40|Millat Tractors|0.0|0|0|307.97|0|303.73|||
15SEP2026|MTL-NOV|40|Millat Tractors|0.0|0|0|316.38|0|312.02|||
15SEP2026|MTL-OCT|40|Millat Tractors|0.0|0|0|312.64|0|308.34|||
15SEP2026|MTL-SEP|40|Millat Tractors|302.0|310|302|308|3500|309.95|||
15SEP2026|MUGHAL|0808|Mughal Iron|70.0|73.24|69.21|69.86|2605928|69.27|||
15SEP2026|MUGHALC|0808|Mughal Iron(C)|60.26|63.99|60.26|63.08|1338|62.5|||
15SEP2026|MUGHAL-CNOV|40|Mughal Iron|0.0|0|0|72.08|0|71.5|||
15SEP2026|MUGHAL-COCT|40|Mughal Iron|0.0|0|0|71.23|0|70.66|||
15SEP2026|MUGHAL-CSEP|40|Mughal Iron|0.0|0|0|70.16|0|69.6|||
15SEP2026|MUGHAL-NOV|40|Mughal Iron|0.0|0|0|72.08|0|71.5|||
15SEP2026|MUGHAL-OCT|40|Mughal Iron|0.0|0|0|71.23|0|70.66|||
15SEP2026|MUGHAL-SEP|40|Mughal Iron|70.1|73.2|69.02|70.15|286000|69.24|||
15SEP2026|MUREB|0810|Murree Brewery|939.9|939.95|880.11|893.68|1746|902.25|||
15SEP2026|MWMP|0818|Mandviwala|71.99|75|69.15|72.59|92345|71.19|||
15SEP2026|MZNPETF|0837|Meezan Pakistan|17.29|17.33|17.16|17.2|690500|17.11|||
15SEP2026|MZNPETF-NOV|40|Meezan Pakistan|0.0|0|0|17.75|0|17.66|||
15SEP2026|MZNPETF-OCT|40|Meezan Pakistan|0.0|0|0|17.54|0|17.45|||
15SEP2026|MZNPETF-SEP|40|Meezan Pakistan|0.0|0|0|17.27|0|17.19|||
15SEP2026|NATF|0810|National Foods|359.8|359.8|352.99|353.3|45048|354.14|||
15SEP2026|NATF-CNOV|40|National Foods|0.0|0|0|364.53|0|365.56|||
15SEP2026|NATF-COCT|40|National Foods|0.0|0|0|360.23|0|361.24|||
15SEP2026|NATF-CSEP|40|National Foods|0.0|0|0|354.84|0|355.84|||
15SEP2026|NATF-NOV|40|National Foods|0.0|0|0|364.53|0|365.56|||
15SEP2026|NATF-OCT|40|National Foods|0.0|0|0|360.23|0|361.24|||
15SEP2026|NATF-SEP|40|National Foods|0.0|0|0|354.84|0|355.84|||
15SEP2026|NATM|0830|Nadeem Textile|72.01|75.7|72.01|74.23|500|79.85|||
15SEP2026|NBP|0807|National Bank|178.99|179.5|176.01|178.47|1009551|177.35|||
15SEP2026|NBP-CNOV|40|National Bank|0.0|0|0|184.15|0|183.07|||
15SEP2026|NBP-COCT|40|National Bank|0.0|0|0|181.97|0|180.9|||
15SEP2026|NBP-CSEP|40|National Bank|0.0|0|0|179.25|0|178.2|||
15SEP2026|NBPGETF|0837|NBP Pakistan G ETF|26.5|26.51|26.23|26.45|7000|26.2|||
15SEP2026|NBPGETF-NOV|40|NBP Pakistan G ETF|0.0|0|0|27.29|0|27.04|||
15SEP2026|NBPGETF-OCT|40|NBP Pakistan G ETF|0.0|0|0|26.97|0|26.73|||
15SEP2026|NBPGETF-SEP|40|NBP Pakistan G ETF|0.0|0|0|26.57|0|26.33|||
15SEP2026|NBP-NOV|40|National Bank|0.0|0|0|184.15|0|183.07|||
15SEP2026|NBP-OCT|40|National Bank|0.0|0|0|181.97|500|180.9|||
15SEP2026|NBP-SEP|40|National Bank|178.42|180|177|178.77|328500|178.04|||
15SEP2026|NCL|0829|Nishat (Chun.)|35.35|35.91|35.35|35.62|47713|35.1|||
15SEP2026|NCML|0830|Nazir Cotton Mills|17.35|17.35|16|16.9|2295|16.34|||
15SEP2026|NCPL|0824|Nishat ChunPower|55.11|55.76|54.75|55.05|2038633|54.38|||
15SEP2026|NCPL-CNOV|40|Nishat ChunPower|0.0|0|0|56.8|0|56.13|||
15SEP2026|NCPL-COCT|40|Nishat ChunPower|0.0|0|0|56.13|0|55.47|||
15SEP2026|NCPL-CSEP|40|Nishat ChunPower|0.0|0|0|55.29|0|54.64|||
15SEP2026|NCPL-NOV|40|Nishat ChunPower|0.0|0|0|56.8|0|56.13|||
15SEP2026|NCPL-OCT|40|Nishat ChunPower|0.0|0|0|56.13|0|55.47|||
15SEP2026|NCPL-SEP|40|Nishat ChunPower|55.5|55.9|54.84|55.26|673000|54.58|||
15SEP2026|NESTLE|0810|Nestle Pakistan|7362.1|7500|7360|7493.65|96|7508.75|||
15SEP2026|NETSOL|0828|Netsol Tech.|120.0|120.5|118|118.26|105871|118.27|||
15SEP2026|NETSOL-CNOV|40|Netsol Tech.|0.0|0|0|122.02|0|122.08|||
15SEP2026|NETSOL-COCT|40|Netsol Tech.|0.0|0|0|120.58|0|120.64|||
15SEP2026|NETSOL-CSEP|40|Netsol Tech.|0.0|0|0|118.78|0|118.84|||
15SEP2026|NEXT|0813|Next Capital|13.15|15|13.15|14.77|4142|14.24|||
15SEP2026|NICL|0805|Nimir Ind.Chem|264.99|268.5|260.76|264.07|386681|260.05|||
15SEP2026|NITGETF|0837|NIT Pakistan|32.86|32.9|32.66|32.84|22000|33|||
15SEP2026|NITGETF-NOV|40|NIT Pakistan|0.0|0|0|33.88|0|34.06|||
15SEP2026|NITGETF-OCT|40|NIT Pakistan|0.0|0|0|33.48|0|33.66|||
15SEP2026|NITGETF-SEP|40|NIT Pakistan|0.0|0|0|32.98|0|33.16|||
15SEP2026|NML|0829|Nishat Mills Ltd|130.45|130.9|128.38|128.77|516712|128.12|||
15SEP2026|NML-CNOV|40|Nishat Mills Ltd|0.0|0|0|132.86|0|132.25|||
15SEP2026|NML-COCT|40|Nishat Mills Ltd|0.0|0|0|131.29|0|130.69|||
15SEP2026|NML-CSEP|40|Nishat Mills Ltd|0.0|0|0|129.33|0|128.73|||
15SEP2026|NML-NOV|40|Nishat Mills Ltd|0.0|0|0|132.86|0|132.25|||
15SEP2026|NML-OCT|40|Nishat Mills Ltd|0.0|0|0|131.29|0|130.69|||
15SEP2026|NML-SEP|40|Nishat Mills Ltd|131.89|131.95|126|128.85|101500|128.59|||
15SEP2026|NONS|0826|Noon Sugar|84.0|84|80.11|80.89|2487|78.76|||
15SEP2026|NPL|0824|Nishat Power|63.55|63.64|62.16|62.66|1160089|61.89|||
15SEP2026|NPL-CNOV|40|Nishat Power|0.0|0|0|64.65|0|63.89|||
15SEP2026|NPL-COCT|40|Nishat Power|0.0|0|0|63.89|0|63.13|||
15SEP2026|NPL-CSEP|40|Nishat Power|0.0|0|0|62.93|0|62.19|||
15SEP2026|NPL-NOV|40|Nishat Power|0.0|0|0|64.65|0|63.89|||
15SEP2026|NPL-OCT|40|Nishat Power|0.0|0|0|63.89|0|63.13|||
15SEP2026|NPL-SEP|40|Nishat Power|64.44|64.44|62.35|62.86|466500|62.22|||
15SEP2026|NRL|0825|National Refinery|540.0|545|519.1|523.05|1599279|532.38|||
15SEP2026|NRL-NOV|40|National Refinery|0.0|0|0|539.68|0|549.54|||
15SEP2026|NRL-OCT|40|National Refinery|0.0|0|0|533.3|0|548.5|||
15SEP2026|NRL-SEP|40|National Refinery|540.66|545.97|521.01|525.34|1474500|534.22|||
15SEP2026|NRSL|0805|Nimir Resins|38.58|39.48|36.66|36.81|846079|38.1|||
15SEP2026|NSRM|0827|National Silk|225.0|225|202.76|207.48|275|220.36|||
15SEP2026|OBOY|0821|Oilboy Energy|16.51|17.21|16.51|16.62|743795|16.7|||
15SEP2026|OCTOPUS|0828|Octopus Digital|28.45|28.78|28|28.11|62700|28.12|||
15SEP2026|OGDC|0820|Oil & Gas Dev|317.0|319|314|314.87|1499010|315.13|||
15SEP2026|OGDC-CNOV|40|Oil & Gas Dev|0.0|0|0|324.88|0|325.29|||
15SEP2026|OGDC-COCT|40|Oil & Gas Dev|0.0|0|0|321.04|0|321.44|||
15SEP2026|OGDC-CSEP|40|Oil & Gas Dev|0.0|0|0|316.24|0|316.64|||
15SEP2026|OGDC-NOV|40|Oil & Gas Dev|0.0|0|0|324.88|0|325.29|||
15SEP2026|OGDC-OCT|40|Oil & Gas Dev|317.5|317.5|317.5|317.5|2500|318|||
15SEP2026|OGDC-SEP|40|Oil & Gas Dev|319.0|319.48|315.11|315.82|469000|316.04|||
15SEP2026|OGTI-NOV|41|OGTI|0.0|0|0|35310|0|35282|||
15SEP2026|OGTI-OCT|41|OGTI|0.0|0|0|34995|0|34968|||
15SEP2026|OGTI-SEP|41|OGTI|0.0|0|0|34601|0|34575|||
15SEP2026|OLPL|0813|OLP Financial|47.35|48.19|47.35|48.15|5222|47.32|||
15SEP2026|OLPM|0819|OLP Modaraba|25.59|27.5|25|26.07|385512|25|||
15SEP2026|OML|0818|Olympia Mills|64.98|68.86|64.98|68.86|12937|62.6|||
15SEP2026|ORM|0819|Orient Rental|10.5|10.6|10.33|10.41|31291|10.32|||
15SEP2026|OTSU|0823|Otsuka Pak|359.0|359|345|348.63|3892|345.95|||
15SEP2026|P01GHS020927|36|1 Year GHS|89.82|89.82|89.75|89.75|505000|89.72|||
15SEP2026|P01GHS050827|36|1 Year GHS|90.62|90.62|90.62|90.62|5000|90.59|||
15SEP2026|P01GHS080727|36|1 Year GHS|91.52|91.52|91.52|91.52|5000|91.5|||
15SEP2026|P01GHS100627|36|1 Year GHS|92.28|92.28|92.28|92.28|5000|92.26|||
15SEP2026|P01GHS130527|36|1 Year GHS|93.03|93.03|93.03|93.03|5000|93|||
15SEP2026|P01GHS150427|36|1 Year GHS|93.78|93.78|93.78|93.78|5000|93.77|||
15SEP2026|P01GHS190827|36|1 Year GHS|90.26|90.26|90.26|90.26|5000|90.22|||
15SEP2026|P01GHS230627|36|1 Year GHS|91.85|91.85|91.85|91.85|5000|91.85|||
15SEP2026|P01GIS141026|36|1 YEAR GIS|99.13|99.13|99.13|99.13|2500000000|99.09|||
15SEP2026|P01GIS210127|36|1 Year GIS|96.04|96.1|96.04|96.1|35200000|96.06|||
15SEP2026|P01GIS290926|36|1 Year GIS|99.61|99.61|99.6|99.6|10000|99.57|||
15SEP2026|P03FRR050829|36|3 Year Fixed Rate|97.7|97.7|97.7|97.7|5000|97.87|||
15SEP2026|P03FRR180629|36|3 Year Fixed Rate|100.36|100.36|100.25|100.25|10000|100.36|||
15SEP2026|P03FRR211027|36|3 Year Fixed Rate|100.0|100|100|100|5000|100|||
15SEP2026|P03FRR220129|36|3 Year Fixed Rate|95.5|95.5|95.5|95.5|5000|95.6|||
15SEP2026|P03FRR300528|36|3 Year Fixed Rate|98.25|98.25|98.25|98.25|5000|98.36|||
15SEP2026|P03GHS121126|36|3 Month GHS|98.25|98.25|98.25|98.25|10000|98.22|||
15SEP2026|P03GHS151026|36|3 Month GHS|99.1|99.1|99.1|99.1|4000005000|99.07|||
15SEP2026|P03GHS261126|36|3 Month GHS|97.82|97.82|97.82|97.82|5000|97.79|||
15SEP2026|P03GHS291026|36|3 Month GHS|98.67|98.67|98.67|98.67|5000|98.64|||
15SEP2026|P05FRR050831|36|5 Year Fixed Rate|97.8|97.8|97.8|97.8|5000|97.93|||
15SEP2026|P05FRR090130|36|5 Year Fixed Rate|99.9|99.9|99.9|99.9|5000|100|||
15SEP2026|P05FRR100529|36|5 Year Fixed Rate|107.7|107.7|107.7|107.7|5000|107.8|||
15SEP2026|P05FRR180631|36|5 Year Fixed Rate|100.0|100|100|100|5000|100.17|||
15SEP2026|P05FRR211029|36|5 Year Fixed Rate|101.4|101.4|101.4|101.4|5000|101.48|||
15SEP2026|P05FRR220131|36|5 Year Fixed Rate|93.1|93.1|92.85|92.85|10000|93|||
15SEP2026|P05FRR240129|36|5 Year Fixed Rate|107.0|107|107|107|5000|107.13|||
15SEP2026|P05FRR280629|36|5 Year Fixed Rate|107.16|107.16|107.16|107.16|5000|107.26|||
15SEP2026|P05FRR300530|36|5 Year Fixed Rate|96.6|96.6|96.6|96.6|5000|96.7|||
15SEP2026|P05FRR300930|36|5 Year Fixed Rate|97.2|97.2|97.2|97.2|5000|97.34|||
15SEP2026|P06GHS040227|36|6 Month GHS|95.68|95.68|95.68|95.68|5000|95.65|||
15SEP2026|P06GHS210127|36|6 Month GHS|96.1|96.1|96.1|96.1|5000|96.07|||
15SEP2026|P10FRZ220136|36|10 Year FRZ|33.95|33.95|33.95|33.95|5000|33.97|||
15SEP2026|P10FRZ240735|36|10 Year FRZ|35.75|35.75|35.75|35.75|5000|35.71|||
15SEP2026|P10VRR160436|36|10 Yr Variable Rate|101.0|101|101|101|50000|100.55|||
15SEP2026|PABC|0818|Pakistan Alumin|97.0|97|95|95.12|8397|97.14|||
15SEP2026|PACE|0838|Pace (Pak) Ltd.|10.08|10.28|9.91|10.11|2685280|9.92|||
15SEP2026|PACE-CSEP|40|Pace (Pak) Ltd.|0.0|0|0|10.15|0|9.97|||
15SEP2026|PACE-NOV|40|Pace (Pak) Ltd.|0.0|0|0|10.43|0|10.24|||
15SEP2026|PACE-OCT|40|Pace (Pak) Ltd.|0.0|0|0|10.31|0|10.12|||
15SEP2026|PACE-SEP|40|Pace (Pak) Ltd.|10.04|10.35|9.95|10.09|2064500|9.99|||
15SEP2026|PAEL|0803|Pak Elektron|35.27|35.88|35.15|35.33|1649907|35.04|||
15SEP2026|PAEL-CNOV|40|Pak Elektron|0.0|0|0|36.45|0|36.17|||
15SEP2026|PAEL-COCT|40|Pak Elektron|0.0|0|0|36.02|0|35.74|||
15SEP2026|PAEL-CSEP|40|Pak Elektron|0.0|0|0|35.48|0|35.21|||
15SEP2026|PAEL-NOV|40|Pak Elektron|0.0|0|0|36.45|0|36.17|||
15SEP2026|PAEL-OCT|40|Pak Elektron|36.2|36.2|36.2|36.2|1000|35.74|||
15SEP2026|PAEL-SEP|40|Pak Elektron|35.55|35.98|35.35|35.45|500500|35.08|||
15SEP2026|PAKD|0828|Pak Datacom|117.0|119.89|117|118.02|8606|117.13|||
15SEP2026|PAKL|0816|Pak Leather|50.25|55.9|50.25|53.29|1107|53.76|||
15SEP2026|PAKOXY|0805|Pak Oxygen Ltd.|335.01|345|335.01|344.4|27846|339.93|||
15SEP2026|PAKQATAR|0812|Pak Qatar Family|17.0|18.2|17|17.08|127299|16.99|||
15SEP2026|PAKRI|0812|Pak Reinsurance|15.41|15.8|15.41|15.57|240840|15.42|||
15SEP2026|PAKT|0832|Pak Tobacco|1319.28|1335|1319|1320.05|3409|1319.28|||
15SEP2026|PASL|0813|Pervez Ahmed Co|2.6|2.61|2.5|2.51|933364|2.5|||
15SEP2026|PASM|0829|Paramount Sp|8.64|8.8|8.35|8.42|4836|8.35|||
15SEP2026|PCAL|0803|Pakistan Cables-|145.04|150|144|145.27|12655|145.04|||
15SEP2026|PECO|0808|Pak Engineering|661.0|668|650.02|652.9|93|662.23|||
15SEP2026|PGLC|0815|Pak Gulf Leasing|16.89|16.89|15.77|16.32|15938|15.77|||
15SEP2026|PIAHCLA|0813|PIA Holding Company|21.3|21.49|21.1|21.34|625030|21.19|||
15SEP2026|PIAHCLA-NOV|40|PIA Holding Company|0.0|0|0|22.02|0|21.87|||
15SEP2026|PIAHCLA-OCT|40|PIA Holding Company|0.0|0|0|21.76|0|21.61|||
15SEP2026|PIAHCLA-SEP|40|PIA Holding Company|21.57|21.57|21.2|21.4|282500|21.29|||
15SEP2026|PIAHCLB|0813|PIA Holding Co.(B)|16900.0|16900|16696|16696|7|16696|||
15SEP2026|PIBTL|0833|Pak Int.Bulk|15.03|15.15|14.75|14.87|7931742|14.81|||
15SEP2026|PIBTL-CNOV|40|Pak Int.Bulk|0.0|0|0|15.34|0|15.29|||
15SEP2026|PIBTL-COCT|40|Pak Int.Bulk|0.0|0|0|15.16|0|15.11|||
15SEP2026|PIBTL-CSEP|40|Pak Int.Bulk|0.0|0|0|14.93|0|14.88|||
15SEP2026|PIBTL-NOV|40|Pak Int.Bulk|0.0|0|0|15.34|0|15.29|||
15SEP2026|PIBTL-OCT|40|Pak Int.Bulk|15.05|15.05|15.03|15.03|15500|15.16|||
15SEP2026|PIBTL-SEP|40|Pak Int.Bulk|15.0|15.2|14.81|14.89|1949500|14.91|||
15SEP2026|PICT|0833|Pak.Int.Container|43.51|43.51|41.5|41.51|69276|41.11|||
15SEP2026|PIL|0812|PICIC Ins.Ltd.|5.38|5.38|5.08|5.2|3822|5.22|||
15SEP2026|PIM|0819|Popular Islamic|51.0|61.12|50.21|61.12|46393|55.56|||
15SEP2026|PINL|0812|Premier Ins.|10.84|10.84|10.25|10.49|49293|10.5|||
15SEP2026|PIOC|0804|Pioneer Cement|240.13|245.5|240.13|242.86|8816|240.62|||
15SEP2026|PIOC-CNOV|40|Pioneer Cement|0.0|0|0|250.58|0|248.38|||
15SEP2026|PIOC-COCT|40|Pioneer Cement|0.0|0|0|247.62|0|245.44|||
15SEP2026|PIOC-CSEP|40|Pioneer Cement|0.0|0|0|243.92|0|241.77|||
15SEP2026|PIOC-OCT|40|Pioneer Cement|0.0|0|0|247.62|0|245.44|||
15SEP2026|PIOC-SEP|40|Pioneer Cement|249.54|249.54|246.4|246.4|1000|240.99|||
15SEP2026|PKGI|0812|Pak Gen.Ins.|48.0|49.88|44.16|44.16|76880|49.07|||
15SEP2026|PKGP|0824|Pakgen Power|36.95|36.97|35.03|35.73|3147|35|||
15SEP2026|PKGS|0822|Packages Ltd.|726.0|726.97|722.5|725.88|1153|726.97|||
15SEP2026|PMRS|0826|Premier Suger|398.94|399|386.4|386.33|21|386.33|||
15SEP2026|PNSC|0833|P.N.S.C|495.09|501.99|493.79|497.43|5696|500.02|||
15SEP2026|POL|0820|Pak Oilfields|720.0|749.99|720|736.89|326665|718.94|||
15SEP2026|POL-CNOV|40|Pak Oilfields|0.0|0|0|760.32|0|742.12|||
15SEP2026|POL-COCT|40|Pak Oilfields|0.0|0|0|751.34|0|733.35|||
15SEP2026|POL-CSEP|40|Pak Oilfields|0.0|0|0|740.1|0|722.39|||
15SEP2026|POL-NOV|40|Pak Oilfields|0.0|0|0|760.32|0|742.12|||
15SEP2026|POL-OCT|40|Pak Oilfields|0.0|0|0|751.34|0|733.35|||
15SEP2026|POL-SEP|40|Pak Oilfields|746.28|746.28|732|732|3000|718.06|||
15SEP2026|POWER|0804|Power Cement|22.2|22.35|21.51|22.12|1050178|21.15|||
15SEP2026|POWER-CSEP|40|Power Cement|0.0|0|0|22.22|0|21.25|||
15SEP2026|POWER-NOV|40|Power Cement|0.0|0|0|22.82|0|21.83|||
15SEP2026|POWER-OCT|40|Power Cement|0.0|0|0|22.55|0|21.57|||
15SEP2026|POWERPS|0804|Power Cem (PR)|27.65|30|27.65|28|527|27.49|||
15SEP2026|POWER-SEP|40|Power Cement|21.6|22.38|21.6|22.18|392500|21.25|||
15SEP2026|PPL|0820|Pak Petroleum|222.03|224.48|219.5|219.9|2767366|219.9|||
15SEP2026|PPL-CNOV|40|Pak Petroleum|0.0|0|0|226.89|0|226.99|||
15SEP2026|PPL-COCT|40|Pak Petroleum|0.0|0|0|224.21|0|224.31|||
15SEP2026|PPL-CSEP|40|Pak Petroleum|0.0|0|0|220.86|0|220.95|||
15SEP2026|PPL-NOV|40|Pak Petroleum|0.0|0|0|226.89|0|226.99|||
15SEP2026|PPL-OCT|40|Pak Petroleum|225.0|225|221.5|221.52|63000|224.31|||
15SEP2026|PPL-SEP|40|Pak Petroleum|222.51|224.7|220.25|220.51|946500|220.66|||
15SEP2026|PPP|0822|Pak Paper Prod|147.7|147.99|140|142.36|82079|145.05|||
15SEP2026|PPVC|0805|Pak.P.V.C.|31.49|31.97|28.56|28.66|35388|31.5|||
15SEP2026|PQGTL|0812|Pak Qatar General|12.5|12.63|12.35|12.5|132657|12.46|||
15SEP2026|PREMA|0810|At-Tahur Ltd.|31.65|32.74|31.52|31.71|831965|31.46|||
15SEP2026|PREMA-CNOV|40|At-Tahur Ltd.|0.0|0|0|32.72|0|32.47|||
15SEP2026|PREMA-COCT|40|At-Tahur Ltd.|0.0|0|0|32.33|0|32.09|||
15SEP2026|PREMA-CSEP|40|At-Tahur Ltd.|0.0|0|0|31.85|0|31.61|||
15SEP2026|PREMA-OCT|40|At-Tahur Ltd.|0.0|0|0|32.33|0|32.09|||
15SEP2026|PREMA-SEP|40|At-Tahur Ltd.|32.5|32.7|31.6|31.78|435500|31.55|||
15SEP2026|PRET|0830|Premium Tex.|549.0|549|533|540.71|1188|530.07|||
15SEP2026|PRL|0825|Pak Refinery|87.0|89.21|82.56|83.1|22510329|85.4|||
15SEP2026|PRL-CNOV|40|Pak Refinery|0.0|0|0|85.74|0|88.15|||
15SEP2026|PRL-COCT|40|Pak Refinery|0.0|0|0|84.73|0|87.11|||
15SEP2026|PRL-CSEP|40|Pak Refinery|0.0|0|0|83.46|0|85.81|||
15SEP2026|PRL-NOV|40|Pak Refinery|0.0|0|0|85.74|0|88.15|||
15SEP2026|PRL-OCT|40|Pak Refinery|88.0|88.3|83|84.15|22000|86|||
15SEP2026|PRL-SEP|40|Pak Refinery|86.99|89.56|82.66|83.34|17778500|85.74|||
15SEP2026|PRWM|0831|Prosperity Weaving|61.05|68.89|61|63.06|1224|63.51|||
15SEP2026|PSEL|0818|Pak Services|1204.43|1315.8|1200|1291.39|7995|1196.22|||
15SEP2026|PSO|0821|P.S.O.|344.0|346.6|340.01|340.51|615741|340.19|||
15SEP2026|PSO-CNOV|40|P.S.O.|0.0|0|0|351.34|0|351.16|||
15SEP2026|PSO-COCT|40|P.S.O.|0.0|0|0|347.18|0|347.01|||
15SEP2026|PSO-CSEP|40|P.S.O.|0.0|0|0|341.99|0|341.82|||
15SEP2026|PSO-NOV|40|P.S.O.|0.0|0|0|351.34|0|351.16|||
15SEP2026|PSO-OCT|40|P.S.O.|0.0|0|0|347.18|0|347.01|||
15SEP2026|PSO-SEP|40|P.S.O.|345.9|347.52|341.25|342|224500|341.42|||
15SEP2026|PSX|0813|Pak Stock Exchange|46.4|46.99|45.8|46.04|363257|45.94|||
15SEP2026|PSYL|0827|Pak Synthetics|153.97|157.85|145|155.42|4322|149.98|||
15SEP2026|PTC|0828|P.T.C.L.|65.0|65.4|63.75|64.25|510460|64.23|||
15SEP2026|PTC-CNOV|40|P.T.C.L.|0.0|0|0|66.29|0|66.3|||
15SEP2026|PTC-COCT|40|P.T.C.L.|0.0|0|0|65.51|0|65.52|||
15SEP2026|PTC-CSEP|40|P.T.C.L.|0.0|0|0|64.53|0|64.54|||
15SEP2026|PTC-NOV|40|P.T.C.L.|0.0|0|0|66.29|0|66.3|||
15SEP2026|PTC-OCT|40|P.T.C.L.|0.0|0|0|65.51|0|65.55|||
15SEP2026|PTC-SEP|40|P.T.C.L.|65.15|65.2|64|64.4|423000|64.49|||
15SEP2026|PTL|0802|Panther Tyres Ltd.|48.99|48.99|47.02|48|45113|48|||
15SEP2026|QTECH|0828|Quantum Data|34.31|35|33|34.04|1493863|34.35|||
15SEP2026|QUET|0829|Quetta Textile|14.74|14.74|14.46|14.72|710|14.46|||
15SEP2026|QUICE|0810|Quice Food|25.19|25.95|25.1|25.25|98468|25.05|||
15SEP2026|REDCO|0829|Redco Textile|29.99|29.99|28|28.22|616|29.09|||
15SEP2026|REWM|0829|Reliance Weaving|162.01|170|162.01|173.89|6|173.89|||
15SEP2026|RICL|0812|Reliance Ins.|11.98|11.98|11.14|11.35|15393|11.52|||
15SEP2026|RMPL|0810|Rafhan MaizeXD|9149.99|9150|9100|9100|11|9100.07|||
15SEP2026|RPL|0822|Roshan Packages|14.99|15.29|14.95|15|133940|14.73|||
15SEP2026|RUBY|0830|Ruby Textile|22.75|23.1|22.1|22.71|32543|22.09|||
15SEP2026|RUPL|0827|Rupali Polyester|29.89|29.89|28.8|29|13788|28.56|||
15SEP2026|SAIF|0830|Saif Textile|44.89|44.89|41.28|42.08|27178|42.99|||
15SEP2026|SANSM|0826|Sanghar Sugar|124.97|124.97|115.08|119.61|14|119.61|||
15SEP2026|SAPT|0829|Sapphire Tex.|1435.0|1457.99|1427|1438.85|20|1443.26|||
15SEP2026|SARC|0805|Sardar Chemical|92.0|92.49|85|86.98|366|86.98|||
15SEP2026|SASML|0826|Sindh Abadgar|355.0|355|323.3|353.07|90|344.55|||
15SEP2026|SAZEW|0801|Sazgar Engineering|1799.99|1799.99|1740|1763.57|176183|1780.09|||
15SEP2026|SAZEW-CNOV|40|Sazgar Engineering|0.0|0|0|1819.65|0|1837.47|||
15SEP2026|SAZEW-COCT|40|Sazgar Engineering|0.0|0|0|1798.14|0|1815.76|||
15SEP2026|SAZEW-CSEP|40|Sazgar Engineering|0.0|0|0|1771.25|0|1788.62|||
15SEP2026|SAZEW-NOV|40|Sazgar Engineering|0.0|0|0|1764.34|0|1781.64|||
15SEP2026|SAZEW-NOVB|40|Sazgar Engineering|0.0|0|0|1799.66|0|1817.28|||
15SEP2026|SAZEW-OCT|40|Sazgar Engineering|0.0|0|0|1764.34|0|1781.64|||
15SEP2026|SAZEW-OCTB|40|Sazgar Engineering|0.0|0|0|1778.38|0|1795.81|||
15SEP2026|SAZEW-SEP|40|Sazgar Engineering|1795.0|1795|1700|1764.36|52000|1785.21|||
15SEP2026|SAZEW-SEPB|40|Sazgar Engineering|1765.0|1765|1725|1750.83|38500|1764.26|||
15SEP2026|SBL|0807|Samba Bank|13.2|13.2|12.8|13|255930|13.01|||
15SEP2026|SCBPL|0807|St.Chart.BankXD|60.5|60.5|58.5|59.87|13318|59.91|||
15SEP2026|SEARL|0823|The Searle Company|78.49|79.13|78.07|78.19|943002|78.08|||
15SEP2026|SEARL-CNOV|40|The Searle Company|0.0|0|0|80.68|0|80.6|||
15SEP2026|SEARL-COCT|40|The Searle Company|0.0|0|0|79.72|0|79.64|||
15SEP2026|SEARL-CSEP|40|The Searle Company|0.0|0|0|78.53|0|78.45|||
15SEP2026|SEARL-NOV|40|The Searle Company|0.0|0|0|80.68|0|80.6|||
15SEP2026|SEARL-OCT|40|The Searle Company|0.0|0|0|79.72|0|79.64|||
15SEP2026|SEARL-SEP|40|The Searle Company|79.0|79.25|78.27|78.46|81500|78.43|||
15SEP2026|SEL|0824|Sitara Energy|26.68|26.69|25.56|26.44|4919|25.49|||
15SEP2026|SELECT|0828|Select Technologies|26.14|26.14|25.26|25.44|244696|25.64|||
15SEP2026|SEPL|0822|Security Paper|149.2|151.99|149.2|150.37|45907|149.98|||
15SEP2026|SERT|0830|Service Ind Tex|37.72|39|37.14|37.85|20961|37.72|||
15SEP2026|SFL|0829|Sapphire Fiber|1074.98|1074.98|1050.02|1064.44|46|1032.13|||
15SEP2026|SGF|0816|Service Global|108.0|109|104.5|105.32|129822|107.42|||
15SEP2026|SGF-CNOV|40|Service Global|0.0|0|0|108.67|0|110.88|||
15SEP2026|SGF-COCT|40|Service Global|0.0|0|0|107.38|0|109.57|||
15SEP2026|SGF-CSEP|40|Service Global|0.0|0|0|105.78|0|107.93|||
15SEP2026|SGPL|0824|S.G.Power|27.94|28.8|27.5|27.72|806139|27.48|||
15SEP2026|SHCM|0830|Shadman Cotton|66.78|66.78|61|61.75|2905|66.78|||
15SEP2026|SHDT|0830|Shadab Textile|53.99|53.99|52|52.76|96458|52.84|||
15SEP2026|SHEZ|0810|Shezan Inter.|279.98|279.98|252.02|271.31|1422|257.03|||
15SEP2026|SHFA|0818|Shifa Int.Hospital|444.0|444.75|435|436.47|18887|443.39|||
15SEP2026|SHJS|0826|Shahtaj Sugar|127.52|142|127.52|138.6|276|140.76|||
15SEP2026|SHNI|0812|Shaheen Ins.|8.2|8.2|7.83|8|113856|8.05|||
15SEP2026|SHSML|0826|Shahmurad Sugar|354.76|354.81|354.76|354.76|15|354.76|||
15SEP2026|SIBL|0813|Sec. Inv. Bank|7.59|7.59|7.03|7.09|2151|7.48|||
15SEP2026|SIEM|0803|Siemens Pak.|1600.1|1620|1600|1602.33|245|1600|||
15SEP2026|SINDM|0819|Sindh Modaraba|27.49|27.49|26.95|26.98|936|26.98|||
15SEP2026|SITC|0805|Sitara Chemical|743.16|749.99|740|749.15|999|743.16|||
15SEP2026|SKRS|0826|Sakrand Sugar|23.92|25.5|23.89|24.37|29757|23.58|||
15SEP2026|SLGL|0833|Secure Logistics -Tr|13.46|13.68|13.4|13.47|1502430|13.38|||
15SEP2026|SLGL-CNOV|40|Secure Logistics -Tr|0.0|0|0|13.9|0|13.81|||
15SEP2026|SLGL-COCT|40|Secure Logistics -Tr|0.0|0|0|13.73|0|13.65|||
15SEP2026|SLGL-CSEP|40|Secure Logistics -Tr|0.0|0|0|13.53|0|13.44|||
15SEP2026|SLGL-NOV|40|Secure Logistics -Tr|0.0|0|0|13.9|0|13.81|||
15SEP2026|SLGL-OCT|40|Secure Logistics -Tr|0.0|0|0|13.73|0|13.65|||
15SEP2026|SLGL-SEP|40|Secure Logistics -Tr|13.57|13.68|13.49|13.52|44000|13.5|||
15SEP2026|SLM|0802|Service Long MarchXD|22.7|23.25|22.7|22.85|1019551|22.57|||
15SEP2026|SLYT|0830|Sally Textile|18.99|20.11|17|19.28|253470|18.28|||
15SEP2026|SMCPL|0804|Safe Mix Con.Ltd|39.89|39.89|36.55|39.6|11035|38.32|||
15SEP2026|SML|0826|Shakarganj Limited|88.0|95|87|90.02|2066|94.98|||
15SEP2026|SNAI|0830|Sana Ind.|35.0|37.5|34.15|37|10401|36.54|||
15SEP2026|SNBL|0807|Soneri Bank Ltd|19.72|20.89|19.72|19.8|355451|19.74|||
15SEP2026|SNBL-NOV|40|Soneri Bank Ltd|0.0|0|0|20.43|0|20.38|||
15SEP2026|SNBL-OCT|40|Soneri Bank Ltd|0.0|0|0|20.19|0|20.14|||
15SEP2026|SNBL-SEP|40|Soneri Bank Ltd|20.07|20.14|20.07|20.14|2000|20.02|||
15SEP2026|SNGP|0821|Sui North Gas|89.98|91.29|89.5|89.99|1138590|89.1|||
15SEP2026|SNGP-NOV|40|Sui North Gas|0.0|0|0|92.85|0|91.97|||
15SEP2026|SNGP-OCT|40|Sui North Gas|0.0|0|0|91.75|0|90|||
15SEP2026|SNGP-SEP|40|Sui North Gas|90.25|91.42|90|90.33|356000|90.09|||
15SEP2026|SOYASUP|0810|Agro Processors|31.9|33.5|30|32.6|6164636|33|||
15SEP2026|SPAC1|0813|LSE SPAC-I Ltd.|14.5|14.9|14.15|14.26|2449|14.8|||
15SEP2026|SPAC2|0813|LSE SPAC-II|13.5|13.8|13|13.18|87574|13.47|||
15SEP2026|SPEL|0822|SPEL Limited|41.5|41.98|40.8|41.02|141119|41.14|||
15SEP2026|SPEL-CNOV|40|SPEL Limited|0.0|0|0|42.32|0|42.47|||
15SEP2026|SPEL-COCT|40|SPEL Limited|0.0|0|0|41.82|0|41.96|||
15SEP2026|SPEL-CSEP|40|SPEL Limited|0.0|0|0|41.2|0|41.34|||
15SEP2026|SPL|0805|Sitara Peroxide|48.89|48.89|43.11|44.98|13548|46.04|||
15SEP2026|SPSL|0821|Sitara Petroleum|15.46|15.46|15.03|15.09|1924572|15.18|||
15SEP2026|SPWL|0824|Saif Power Ltd|8.21|8.23|7.81|8.04|171721|8|||
15SEP2026|SRR|0836|Signature Residency|16.99|16.99|16.6|16.62|6870|16.62|||
15SEP2026|SRVI|0816|Service Ind.Ltd|176.0|184.98|176|179.66|38274|176.39|||
15SEP2026|SSGC|0821|Sui South Gas|23.5|23.95|23.35|23.57|4771494|23.32|||
15SEP2026|SSGC-NOV|40|Sui South Gas|0.0|0|0|24.32|0|24.07|||
15SEP2026|SSGC-OCT|40|Sui South Gas|0.0|0|0|24.03|0|23.79|||
15SEP2026|SSGC-SEP|40|Sui South Gas|23.65|24|23.55|23.62|1886000|23.44|||
15SEP2026|SSML|0830|Saritow Spinning|18.99|19.37|18.88|18.88|172830|18.89|||
15SEP2026|SSOM|0834|S.S.Oil|415.0|420|410.01|415.01|1711|414.29|||
15SEP2026|STCL|0811|Shabbir Tiles|9.58|9.58|9.19|9.34|183033|9.35|||
15SEP2026|STJT|0831|Shahtaj Textile|165.14|165.14|162|166.14|16|166.14|||
15SEP2026|STL|0828|Supernet Techno|23.73|23.83|22.5|22.78|498643|23.44|||
15SEP2026|STML|0829|Shams Textile|48.21|52.3|48.21|50.77|364|50.77|||
15SEP2026|STPL|0818|Siddiqsons Tin|7.8|7.98|7.75|7.83|528393|7.82|||
15SEP2026|STYLERS|0839|Stylers Int.Ltd.|49.49|51.95|48|49.12|33999|47.85|||
15SEP2026|SURC|0829|Suraj Cotton Mills|140.0|142.2|137|140.94|5843|138.15|||
15SEP2026|SUTM|0830|Sunrays Textile|107.5|107.5|106.99|107.17|2|107.17|||
15SEP2026|SYM|0828|Symmetry Group Ltd|12.59|13|12.5|12.67|963333|12.48|||
15SEP2026|SYS|0828|Systems Limited|122.11|123.7|122.1|123.01|1086942|121.32|||
15SEP2026|SYS-NOV|40|Systems Limited|0.0|0|0|126.92|0|125.23|||
15SEP2026|SYS-OCT|40|Systems Limited|0.0|0|0|125.42|0|123.75|||
15SEP2026|SYS-SEP|40|Systems Limited|122.97|123.99|122.5|123.6|285500|121.68|||
15SEP2026|SZTM|0830|Shahzad Tex.|87.59|87.59|82.2|85.33|1229|84.05|||
15SEP2026|TATM|0830|Tata Textile|143.0|155.67|142|155.67|232889|141.52|||
15SEP2026|TBL|0802|Treet Battery Ltd.|8.81|8.98|8.8|8.85|215307|8.79|||
15SEP2026|TBL-CNOV|40|Treet Battery Ltd.|0.0|0|0|9.13|0|9.07|||
15SEP2026|TBL-COCT|40|Treet Battery Ltd.|0.0|0|0|9.02|0|8.97|||
15SEP2026|TBL-CSEP|40|Treet Battery Ltd.|0.0|0|0|8.89|0|8.83|||
15SEP2026|TCORP|0826|Tariq Corp Ltd.|19.74|19.75|19.12|19.64|10875|19.64|||
15SEP2026|TCORPCPS|0826|Tariq Corp (PR)|9.97|10.14|9.49|9.97|44453|9.87|||
15SEP2026|TELE|0828|Telecard Limited|7.52|7.59|7.5|7.5|593207|7.5|||
15SEP2026|TELE-CSEP|40|Telecard Limited|0.0|0|0|7.53|0|7.54|||
15SEP2026|TELE-SEP|40|Telecard Limited|7.55|7.6|7.53|7.57|128000|7.53|||
15SEP2026|TGL|0811|Tariq Glass Ind|163.55|165.99|151|165.57|95152|163.55|||
15SEP2026|THALL|0802|Thal Limited|547.0|547|525.01|531.84|7647|525.6|||
15SEP2026|THCCL|0804|Thatta Cement|77.51|78.5|74.6|75.44|1364864|76.97|||
15SEP2026|THCCL-CNOV|40|Thatta Cement|0.0|0|0|77.84|0|79.45|||
15SEP2026|THCCL-COCT|40|Thatta Cement|0.0|0|0|76.92|0|78.51|||
15SEP2026|THCCL-CSEP|40|Thatta Cement|0.0|0|0|75.77|0|77.34|||
15SEP2026|THCCL-NOV|40|Thatta Cement|0.0|0|0|77.84|0|79.45|||
15SEP2026|THCCL-OCT|40|Thatta Cement|0.0|0|0|76.92|0|78.08|||
15SEP2026|THCCL-SEP|40|Thatta Cement|78.0|78.5|74.96|75.6|1148500|77.3|||
15SEP2026|TICL|0826|Thal Ind.Corp.|1000.0|1010|999|999.97|117|1000.01|||
15SEP2026|TISL|0818|Tasdeeq Information|4.11|4.27|4.04|4.08|11727928|4.1|||
15SEP2026|TOMCL|0810|The Organic Meat|31.61|32.3|31.53|31.92|613566|31.57|||
15SEP2026|TOMCL-CNOV|40|The Organic Meat|0.0|0|0|32.94|0|32.59|||
15SEP2026|TOMCL-COCT|40|The Organic Meat|0.0|0|0|32.55|0|32.2|||
15SEP2026|TOMCL-CSEP|40|The Organic Meat|0.0|0|0|32.06|0|31.72|||
15SEP2026|TOMCL-NOV|40|The Organic Meat|0.0|0|0|32.94|0|32.59|||
15SEP2026|TOMCL-OCT|40|The Organic Meat|0.0|0|0|32.55|0|32.2|||
15SEP2026|TOMCL-SEP|40|The Organic Meat|32.25|32.3|31.62|32|425000|31.67|||
15SEP2026|TOWL|0829|Towellers Limited|140.0|143|135.1|137.61|216566|138.47|||
15SEP2026|TPL|0828|TPL Corp Ltd|22.99|23.7|22.8|22.94|2490180|22.66|||
15SEP2026|TPLI|0812|TPL Insurance|55.49|55.49|47.31|49.83|15438|52.4|||
15SEP2026|TPLL|0812|TPL Life Insurance|20.05|20.7|20.01|20.13|65627|21.19|||
15SEP2026|TPL-NOV|40|TPL Corp Ltd|0.0|0|0|23.67|0|23.39|||
15SEP2026|TPL-OCT|40|TPL Corp Ltd|0.0|0|0|23.39|0|23.11|||
15SEP2026|TPLP|0838|TPL Properties|13.0|13.18|12.55|12.68|4197851|12.73|||
15SEP2026|TPLP-CNOV|40|TPL Properties|0.0|0|0|13.08|0|13.14|||
15SEP2026|TPLP-COCT|40|TPL Properties|0.0|0|0|12.93|0|12.99|||
15SEP2026|TPLP-CSEP|40|TPL Properties|0.0|0|0|12.74|0|12.79|||
15SEP2026|TPLP-NOV|40|TPL Properties|0.0|0|0|13.08|0|13.14|||
15SEP2026|TPLP-OCT|40|TPL Properties|0.0|0|0|12.93|0|12.99|||
15SEP2026|TPLP-SEP|40|TPL Properties|12.99|13.22|12.62|12.76|1935500|12.65|||
15SEP2026|TPLRF1|0836|TPL REIT Fund I|9.45|9.5|9.3|9.32|1652995|9.36|||
15SEP2026|TPLRF1-NOV|40|TPL REIT Fund I|0.0|0|0|9.62|0|9.66|||
15SEP2026|TPLRF1-OCT|40|TPL REIT Fund I|0.0|0|0|9.5|0|9.55|||
15SEP2026|TPLRF1-SEP|40|TPL REIT Fund I|9.43|9.43|9.37|9.37|132000|9.43|||
15SEP2026|TPL-SEP|40|TPL Corp Ltd|23.0|23.7|22.92|23.04|1857000|22.72|||
15SEP2026|TPLT|0828|TPL Trakker Ltd|33.24|33.44|31.81|32.15|702782|32.52|||
15SEP2026|TREET|0810|Treet Corp|21.21|21.6|21.1|21.45|833423|21.07|||
15SEP2026|TREET-CNOV|40|Treet Corp|0.0|0|0|22.13|0|21.75|||
15SEP2026|TREET-COCT|40|Treet Corp|0.0|0|0|21.87|0|21.49|||
15SEP2026|TREET-CSEP|40|Treet Corp|0.0|0|0|21.54|0|21.17|||
15SEP2026|TREET-NOV|40|Treet Corp|0.0|0|0|22.13|0|21.75|||
15SEP2026|TREET-OCT|40|Treet Corp|0.0|0|0|21.87|0|21.49|||
15SEP2026|TREET-SEP|40|Treet Corp|21.4|21.75|21.3|21.69|320000|21.36|||
15SEP2026|TRG|0828|TRG Pak Ltd|49.7|51|49.45|50.41|1464042|49.2|||
15SEP2026|TRG-CNOV|40|TRG Pak Ltd|0.0|0|0|52.01|0|50.79|||
15SEP2026|TRG-COCT|40|TRG Pak Ltd|0.0|0|0|51.4|0|50.19|||
15SEP2026|TRG-CSEP|40|TRG Pak Ltd|0.0|0|0|50.63|0|49.44|||
15SEP2026|TRG-NOV|40|TRG Pak Ltd|0.0|0|0|52.01|0|50.79|||
15SEP2026|TRG-OCT|40|TRG Pak Ltd|51.0|51|51|51|100000|50.19|||
15SEP2026|TRG-SEP|40|TRG Pak Ltd|51.5|51.5|49.56|50.6|1089500|49.71|||
15SEP2026|TRIPF|0818|Tri-Pack Films|130.0|132.7|130|131.26|7605|131.15|||
15SEP2026|TRSM|0819|Trust Modaraba|13.56|13.98|13.3|13.5|675932|13.36|||
15SEP2026|TSBL|0813|Trust Brokerage|2.5|2.55|2.41|2.43|4358265|2.46|||
15SEP2026|TSMF|0806|Tri-Star Mutual|15.2|16.24|14.21|15.03|3295|15.41|||
15SEP2026|TSML|0826|Tandlianwala Sugar|497.0|500|497|496.16|42|496.16|||
15SEP2026|TSPL|0824|Tri-Star Power|14.99|15.19|13.75|14.26|61340|14.37|||
15SEP2026|UBDL|0818|United Brands|27.49|27.49|26.01|26.54|625|26.49|||
15SEP2026|UBL|0807|United Bank|418.98|421.89|416.12|418.96|780031|414.07|||
15SEP2026|UBL-CNOV|40|United Bank|0.0|0|0|432.28|0|427.42|||
15SEP2026|UBL-COCT|40|United Bank|0.0|0|0|427.17|0|422.37|||
15SEP2026|UBL-CSEP|40|United Bank|0.0|0|0|420.79|0|416.05|||
15SEP2026|UBL-NOV|40|United Bank|0.0|0|0|432.28|0|427.42|||
15SEP2026|UBL-OCT|40|United Bank|0.0|0|0|427.17|0|422.37|||
15SEP2026|UBLPETF|0837|UBLPakistanETF|28.25|28.36|28.11|28.15|232500|28.01|||
15SEP2026|UBLPETF-NOV|40|UBLPakistanETF|0.0|0|0|29.05|0|28.91|||
15SEP2026|UBLPETF-OCT|40|UBLPakistanETF|0.0|0|0|28.7|0|28.57|||
15SEP2026|UBLPETF-SEP|40|UBLPakistanETF|0.0|0|0|28.27|0|28.14|||
15SEP2026|UBL-SEPB|40|United Bank|420.0|422.12|417.75|420.19|107000|415.59|||
15SEP2026|UCAPM|0819|Unicap Modaraba|5.69|5.69|5.45|5.46|37771|5.48|||
15SEP2026|UDLI|0818|UDL Int.Ltd.|16.69|16.69|16.2|16.43|8598|16.13|||
15SEP2026|UDPL|0818|United Distributor|113.88|113.88|111.5|111.73|10184|112.21|||
15SEP2026|UNIC|0812|United Insurance|11.12|11.32|11.05|11.2|64922|11.2|||
15SEP2026|UNITY|0810|Unity Foods Ltd|8.02|8.37|8.02|8.12|4070315|8.03|||
15SEP2026|UNITY-CNOV|40|Unity Foods Ltd|0.0|0|0|8.38|0|8.29|||
15SEP2026|UNITY-COCT|40|Unity Foods Ltd|0.0|0|0|8.28|0|8.19|||
15SEP2026|UNITY-CSEP|40|Unity Foods Ltd|0.0|0|0|8.16|0|8.07|||
15SEP2026|UNITY-NOV|40|Unity Foods Ltd|0.0|0|0|8.38|0|8.29|||
15SEP2026|UNITY-OCT|40|Unity Foods Ltd|0.0|0|0|8.28|0|8.19|||
15SEP2026|UNITY-SEP|40|Unity Foods Ltd|8.2|8.41|8.09|8.13|1357000|8.06|||
15SEP2026|UPFL|0810|Unilever FoodsXD|23626.0|24299|23626|23934.71|33|24109.22|||
15SEP2026|UVIC|0812|Universal Ins.|19.1|19.1|19.1|19.42|4|19.42|||
15SEP2026|WAFI|0821|Wafi Energy Pak|157.0|160|154|154.6|72948|156.08|||
15SEP2026|WAHDAT|0810|Wahdat Poultry Farm|14.99|15|14.81|14.87|50722|14.96|||
15SEP2026|WAHN|0805|Wah-Noble|269.0|275|261.55|269.81|4351|260|||
15SEP2026|WASL|0819|Wasl Mobility Mod|6.07|6.07|5.9|5.92|493557|5.85|||
15SEP2026|WAVES|0803|Waves Corp Ltd.|9.0|9.12|8.99|9.02|1402304|8.97|||
15SEP2026|WAVESAPP|0803|Waves Home App|8.4|8.42|8.2|8.21|1083891|8.3|||
15SEP2026|WAVESAPP-NOV|40|Waves Home App|0.0|0|0|8.47|0|8.57|||
15SEP2026|WAVESAPP-OCTB|40|Waves Home App|0.0|0|0|8.37|0|8.47|||
15SEP2026|WAVESAPP-SEPB|40|Waves Home App|8.44|8.44|8.28|8.28|364500|8.31|||
15SEP2026|WAVES-CNOV|40|Waves Corp Ltd.|0.0|0|0|9.31|0|9.26|||
15SEP2026|WAVES-COCT|40|Waves Corp Ltd.|0.0|0|0|9.2|0|9.15|||
15SEP2026|WAVES-CSEP|40|Waves Corp Ltd.|0.0|0|0|9.06|0|9.01|||
15SEP2026|WAVES-NOV|40|Waves Corp Ltd.|0.0|0|0|9.31|0|9.26|||
15SEP2026|WAVES-OCT|40|Waves Corp Ltd.|0.0|0|0|9.2|0|9.15|||
15SEP2026|WAVES-SEP|40|Waves Corp Ltd.|9.1|9.14|9.02|9.08|45000|8.99|||
15SEP2026|WTL|0828|WorldCall Telecom|1.07|1.1|1.06|1.06|19843110|1.06|||
15SEP2026|WTL-OCT|40|WorldCall Telecom|1.1|1.1|1.1|1.1|1000000|1.08|||
15SEP2026|WTL-SEPB|40|WorldCall Telecom|1.1|1.1|1.07|1.07|100500|1.08|||
15SEP2026|YOUW|0831|Yousuf Weaving|4.62|4.72|4.56|4.67|363829|4.6|||
15SEP2026|ZAHID|0829|ZahidJee Tex.|65.4|65.4|61.21|62.76|2921|63.34|||
15SEP2026|ZAL|0828|Zarea Limited|37.6|38.99|37.6|38.25|89904|37.28|||
15SEP2026|ZAL-CNOV|40|Zarea Limited|0.0|0|0|39.47|0|38.48|||
15SEP2026|ZAL-COCT|40|Zarea Limited|0.0|0|0|39|0|38.03|||
15SEP2026|ZAL-CSEP|40|Zarea Limited|0.0|0|0|38.42|0|37.46|||
15SEP2026|ZIL|0810|ZIL Limited|333.47|333.47|320|325|37|325|||
15SEP2026|ZTL|0831|Zephyr Textile|14.5|14.65|14.5|14.57|8620|14.45|||
15SEP2026|ZUMA|0828|Zuma Resources Ltd.|22.25|24.41|22|24.41|6313187|22.19|||
